This is pdfTeX, Version 3.141592653-2.6-1.40.28 (TeX Live 2025) (preloaded format=pdflatex 2025.11.27)  27 JUL 2026 15:05
entering extended mode
 restricted \write18 enabled.
 file:line:error style messages enabled.
 %&-line parsing enabled.
**c:/Users/frodo/Programs/PhD-Notes/notes.tex
(c:/Users/frodo/Programs/PhD-Notes/notes.tex
LaTeX2e <2025-11-01>
L3 programming layer <2025-11-14>
(c:/texlive/2025/texmf-dist/tex/latex/base/article.cls
Document Class: article 2025/01/22 v1.4n Standard LaTeX document class
(c:/texlive/2025/texmf-dist/tex/latex/base/size10.clo
File: size10.clo 2025/01/22 v1.4n Standard LaTeX file (size option)
)
\c@part=\count275
\c@section=\count276
\c@subsection=\count277
\c@subsubsection=\count278
\c@paragraph=\count279
\c@subparagraph=\count280
\c@figure=\count281
\c@table=\count282
\abovecaptionskip=\skip49
\belowcaptionskip=\skip50
\bibindent=\dimen148
) (./preamble.sty (c:/texlive/2025/texmf-dist/tex/latex/psnfss/palatino.sty
Package: palatino 2020/03/25 PSNFSS-v9.3 (SPQR) 
) (c:/texlive/2025/texmf-dist/tex/latex/geometry/geometry.sty
Package: geometry 2020/01/02 v5.9 Page Geometry
 (c:/texlive/2025/texmf-dist/tex/latex/graphics/keyval.sty
Package: keyval 2022/05/29 v1.15 key=value parser (DPC)
\KV@toks@=\toks17
) (c:/texlive/2025/texmf-dist/tex/generic/iftex/ifvtex.sty
Package: ifvtex 2019/10/25 v1.7 ifvtex legacy package. Use iftex instead.
 (c:/texlive/2025/texmf-dist/tex/generic/iftex/iftex.sty
Package: iftex 2024/12/12 v1.0g TeX engine tests
))
\Gm@cnth=\count283
\Gm@cntv=\count284
\c@Gm@tempcnt=\count285
\Gm@bindingoffset=\dimen149
\Gm@wd@mp=\dimen150
\Gm@odd@mp=\dimen151
\Gm@even@mp=\dimen152
\Gm@layoutwidth=\dimen153
\Gm@layoutheight=\dimen154
\Gm@layouthoffset=\dimen155
\Gm@layoutvoffset=\dimen156
\Gm@dimlist=\toks18
) (c:/texlive/2025/texmf-dist/tex/latex/amsmath/amsmath.sty
Package: amsmath 2025/07/09 v2.17z AMS math features
\@mathmargin=\skip51

For additional information on amsmath, use the `?' option.
(c:/texlive/2025/texmf-dist/tex/latex/amsmath/amstext.sty
Package: amstext 2024/11/17 v2.01 AMS text
 (c:/texlive/2025/texmf-dist/tex/latex/amsmath/amsgen.sty
File: amsgen.sty 1999/11/30 v2.0 generic functions
\@emptytoks=\toks19
\ex@=\dimen157
)) (c:/texlive/2025/texmf-dist/tex/latex/amsmath/amsbsy.sty
Package: amsbsy 1999/11/29 v1.2d Bold Symbols
\pmbraise@=\dimen158
) (c:/texlive/2025/texmf-dist/tex/latex/amsmath/amsopn.sty
Package: amsopn 2022/04/08 v2.04 operator names
)
\inf@bad=\count286
LaTeX Info: Redefining \frac on input line 233.
\uproot@=\count287
\leftroot@=\count288
LaTeX Info: Redefining \overline on input line 398.
LaTeX Info: Redefining \colon on input line 409.
\classnum@=\count289
\DOTSCASE@=\count290
LaTeX Info: Redefining \ldots on input line 495.
LaTeX Info: Redefining \dots on input line 498.
LaTeX Info: Redefining \cdots on input line 619.
\Mathstrutbox@=\box53
\strutbox@=\box54
LaTeX Info: Redefining \big on input line 721.
LaTeX Info: Redefining \Big on input line 722.
LaTeX Info: Redefining \bigg on input line 723.
LaTeX Info: Redefining \Bigg on input line 724.
\big@size=\dimen159
LaTeX Font Info:    Redeclaring font encoding OML on input line 742.
LaTeX Font Info:    Redeclaring font encoding OMS on input line 743.
\macc@depth=\count291
LaTeX Info: Redefining \bmod on input line 904.
LaTeX Info: Redefining \pmod on input line 909.
LaTeX Info: Redefining \smash on input line 939.
LaTeX Info: Redefining \relbar on input line 969.
LaTeX Info: Redefining \Relbar on input line 970.
\c@MaxMatrixCols=\count292
\dotsspace@=\muskip17
\c@parentequation=\count293
\dspbrk@lvl=\count294
\tag@help=\toks20
\row@=\count295
\column@=\count296
\maxfields@=\count297
\andhelp@=\toks21
\eqnshift@=\dimen160
\alignsep@=\dimen161
\tagshift@=\dimen162
\tagwidth@=\dimen163
\totwidth@=\dimen164
\lineht@=\dimen165
\@envbody=\toks22
\multlinegap=\skip52
\multlinetaggap=\skip53
\mathdisplay@stack=\toks23
LaTeX Info: Redefining \[ on input line 2950.
LaTeX Info: Redefining \] on input line 2951.
) (c:/texlive/2025/texmf-dist/tex/latex/amsfonts/amssymb.sty
Package: amssymb 2013/01/14 v3.01 AMS font symbols
 (c:/texlive/2025/texmf-dist/tex/latex/amsfonts/amsfonts.sty
Package: amsfonts 2013/01/14 v3.01 Basic AMSFonts support
\symAMSa=\mathgroup4
\symAMSb=\mathgroup5
LaTeX Font Info:    Redeclaring math symbol \hbar on input line 98.
LaTeX Font Info:    Overwriting math alphabet `\mathfrak' in version `bold'
(Font)                  U/euf/m/n --> U/euf/b/n on input line 106.
)) (c:/texlive/2025/texmf-dist/tex/latex/mathtools/mathtools.sty
Package: mathtools 2024/10/04 v1.31 mathematical typesetting tools
 (c:/texlive/2025/texmf-dist/tex/latex/tools/calc.sty
Package: calc 2025/03/01 v4.3b Infix arithmetic (KKT,FJ)
\calc@Acount=\count298
\calc@Bcount=\count299
\calc@Adimen=\dimen166
\calc@Bdimen=\dimen167
\calc@Askip=\skip54
\calc@Bskip=\skip55
LaTeX Info: Redefining \setlength on input line 86.
LaTeX Info: Redefining \addtolength on input line 87.
\calc@Ccount=\count300
\calc@Cskip=\skip56
) (c:/texlive/2025/texmf-dist/tex/latex/mathtools/mhsetup.sty
Package: mhsetup 2021/03/18 v1.4 programming setup (MH)
)
\g_MT_multlinerow_int=\count301
\l_MT_multwidth_dim=\dimen168
\origjot=\skip57
\l_MT_shortvdotswithinadjustabove_dim=\dimen169
\l_MT_shortvdotswithinadjustbelow_dim=\dimen170
\l_MT_above_intertext_sep=\dimen171
\l_MT_below_intertext_sep=\dimen172
\l_MT_above_shortintertext_sep=\dimen173
\l_MT_below_shortintertext_sep=\dimen174
\xmathstrut@box=\box55
\xmathstrut@dim=\dimen175
) (c:/texlive/2025/texmf-dist/tex/latex/amscls/amsthm.sty
Package: amsthm 2020/05/29 v2.20.6
\thm@style=\toks24
\thm@bodyfont=\toks25
\thm@headfont=\toks26
\thm@notefont=\toks27
\thm@headpunct=\toks28
\thm@preskip=\skip58
\thm@postskip=\skip59
\thm@headsep=\skip60
\dth@everypar=\toks29
) (c:/texlive/2025/texmf-dist/tex/latex/graphics/graphicx.sty
Package: graphicx 2024/12/31 v1.2e Enhanced LaTeX Graphics (DPC,SPQR)
 (c:/texlive/2025/texmf-dist/tex/latex/graphics/graphics.sty
Package: graphics 2024/08/06 v1.4g Standard LaTeX Graphics (DPC,SPQR)
 (c:/texlive/2025/texmf-dist/tex/latex/graphics/trig.sty
Package: trig 2023/12/02 v1.11 sin cos tan (DPC)
) (c:/texlive/2025/texmf-dist/tex/latex/graphics-cfg/graphics.cfg
File: graphics.cfg 2016/06/04 v1.11 sample graphics configuration
)
Package graphics Info: Driver file: pdftex.def on input line 106.
 (c:/texlive/2025/texmf-dist/tex/latex/graphics-def/pdftex.def
File: pdftex.def 2025/09/29 v1.2d Graphics/color driver for pdftex
))
\Gin@req@height=\dimen176
\Gin@req@width=\dimen177
) (c:/texlive/2025/texmf-dist/tex/latex/siunitx/siunitx.sty
Package: siunitx 2025-07-09 v3.4.14 A comprehensive (SI) units package
\l__siunitx_number_uncert_offset_int=\count302
\l__siunitx_number_exponent_fixed_int=\count303
\l__siunitx_number_min_decimal_int=\count304
\l__siunitx_number_min_integer_int=\count305
\l__siunitx_number_round_precision_int=\count306
\l__siunitx_number_lower_threshold_int=\count307
\l__siunitx_number_upper_threshold_int=\count308
\l__siunitx_number_group_first_int=\count309
\l__siunitx_number_group_size_int=\count310
\l__siunitx_number_group_minimum_int=\count311
\l__siunitx_angle_tmp_dim=\dimen178
\l__siunitx_angle_marker_box=\box56
\l__siunitx_angle_unit_box=\box57
\l__siunitx_compound_count_int=\count312
 (c:/texlive/2025/texmf-dist/tex/latex/translations/translations.sty
Package: translations 2022/02/05 v1.12 internationalization of LaTeX2e packages (CN)
 (c:/texlive/2025/texmf-dist/tex/latex/etoolbox/etoolbox.sty
Package: etoolbox 2025/10/02 v2.5m e-TeX tools for LaTeX (JAW)
\etb@tempcnta=\count313
) (c:/texlive/2025/texmf-dist/tex/generic/pdftexcmds/pdftexcmds.sty
Package: pdftexcmds 2020-06-27 v0.33 Utility functions of pdfTeX for LuaTeX (HO)
 (c:/texlive/2025/texmf-dist/tex/generic/infwarerr/infwarerr.sty
Package: infwarerr 2019/12/03 v1.5 Providing info/warning/error messages (HO)
) (c:/texlive/2025/texmf-dist/tex/generic/ltxcmds/ltxcmds.sty
Package: ltxcmds 2023-12-04 v1.26 LaTeX kernel commands for general use (HO)
)
Package pdftexcmds Info: \pdf@primitive is available.
Package pdftexcmds Info: \pdf@ifprimitive is available.
Package pdftexcmds Info: \pdfdraftmode found.
))
\l__siunitx_table_tmp_box=\box58
\l__siunitx_table_tmp_dim=\dimen179
\l__siunitx_table_column_width_dim=\dimen180
\l__siunitx_table_integer_box=\box59
\l__siunitx_table_decimal_box=\box60
\l__siunitx_table_uncert_box=\box61
\l__siunitx_table_before_box=\box62
\l__siunitx_table_after_box=\box63
\l__siunitx_table_before_dim=\dimen181
\l__siunitx_table_carry_dim=\dimen182
\l__siunitx_unit_tmp_int=\count314
\l__siunitx_unit_position_int=\count315
\l__siunitx_unit_total_int=\count316
 (c:/texlive/2025/texmf-dist/tex/latex/tools/array.sty
Package: array 2025/09/25 v2.6n Tabular extension package (FMi)
\col@sep=\dimen183
\ar@mcellbox=\box64
\extrarowheight=\dimen184
\NC@list=\toks30
\extratabsurround=\skip61
\backup@length=\skip62
\ar@cellbox=\box65
)) (c:/texlive/2025/texmf-dist/tex/latex/xcolor/xcolor.sty
Package: xcolor 2024/09/29 v3.02 LaTeX color extensions (UK)
 (c:/texlive/2025/texmf-dist/tex/latex/graphics-cfg/color.cfg
File: color.cfg 2016/01/02 v1.6 sample color configuration
)
Package xcolor Info: Driver file: pdftex.def on input line 274.
 (c:/texlive/2025/texmf-dist/tex/latex/graphics/mathcolor.ltx)
Package xcolor Info: Model `cmy' substituted by `cmy0' on input line 1349.
Package xcolor Info: Model `hsb' substituted by `rgb' on input line 1353.
Package xcolor Info: Model `RGB' extended on input line 1365.
Package xcolor Info: Model `HTML' substituted by `rgb' on input line 1367.
Package xcolor Info: Model `Hsb' substituted by `hsb' on input line 1368.
Package xcolor Info: Model `tHsb' substituted by `hsb' on input line 1369.
Package xcolor Info: Model `HSB' substituted by `hsb' on input line 1370.
Package xcolor Info: Model `Gray' substituted by `gray' on input line 1371.
Package xcolor Info: Model `wave' substituted by `hsb' on input line 1372.
) (c:/texlive/2025/texmf-dist/tex/latex/graphics/dvipsnam.def
File: dvipsnam.def 2016/06/17 v3.0m Driver-dependent file (DPC,SPQR)
) (c:/texlive/2025/texmf-dist/tex/latex/wrapfig/wrapfig.sty
\wrapoverhang=\dimen185
\WF@size=\dimen186
\c@WF@wrappedlines=\count317
\WF@box=\box66
\WF@everypar=\toks31
Package: wrapfig 2003/01/31  v 3.6
) (c:/texlive/2025/texmf-dist/tex/latex/tools/tabularx.sty
Package: tabularx 2023/12/11 v2.12a `tabularx' package (DPC)
\TX@col@width=\dimen187
\TX@old@table=\dimen188
\TX@old@col=\dimen189
\TX@target=\dimen190
\TX@delta=\dimen191
\TX@cols=\count318
\TX@ftn=\toks32
) (c:/texlive/2025/texmf-dist/tex/latex/booktabs/booktabs.sty
Package: booktabs 2020/01/12 v1.61803398 Publication quality tables
\heavyrulewidth=\dimen192
\lightrulewidth=\dimen193
\cmidrulewidth=\dimen194
\belowrulesep=\dimen195
\belowbottomsep=\dimen196
\aboverulesep=\dimen197
\abovetopsep=\dimen198
\cmidrulesep=\dimen199
\cmidrulekern=\dimen256
\defaultaddspace=\dimen257
\@cmidla=\count319
\@cmidlb=\count320
\@aboverulesep=\dimen258
\@belowrulesep=\dimen259
\@thisruleclass=\count321
\@lastruleclass=\count322
\@thisrulewidth=\dimen260
) (c:/texlive/2025/texmf-dist/tex/latex/tools/multicol.sty
Package: multicol 2025/10/21 v2.0b multicolumn formatting (FMi)
\c@tracingmulticols=\count323
\mult@box=\box67
\multicol@leftmargin=\dimen261
\c@unbalance=\count324
\c@collectmore=\count325
\doublecol@number=\count326
\multicoltolerance=\count327
\multicolpretolerance=\count328
\full@width=\dimen262
\page@free=\dimen263
\premulticols=\dimen264
\postmulticols=\dimen265
\multicolsep=\skip63
\multicolbaselineskip=\skip64
\partial@page=\box68
\last@line=\box69
\mc@boxedresult=\box70
\maxbalancingoverflow=\dimen266
\mult@rightbox=\box71
\mult@grightbox=\box72
\mult@firstbox=\box73
\mult@gfirstbox=\box74
\@tempa=\box75
\@tempa=\box76
\@tempa=\box77
\@tempa=\box78
\@tempa=\box79
\@tempa=\box80
\@tempa=\box81
\@tempa=\box82
\@tempa=\box83
\@tempa=\box84
\@tempa=\box85
\@tempa=\box86
\@tempa=\box87
\@tempa=\box88
\@tempa=\box89
\@tempa=\box90
\@tempa=\box91
\@tempa=\box92
\@tempa=\box93
\@tempa=\box94
\@tempa=\box95
\@tempa=\box96
\@tempa=\box97
\@tempa=\box98
\@tempa=\box99
\@tempa=\box100
\@tempa=\box101
\@tempa=\box102
\@tempa=\box103
\@tempa=\box104
\@tempa=\box105
\@tempa=\box106
\@tempa=\box107
\@tempa=\box108
\@tempa=\box109
\@tempa=\box110
\c@minrows=\count329
\c@columnbadness=\count330
\c@finalcolumnbadness=\count331
\last@try=\dimen267
\multicolovershoot=\dimen268
\multicolundershoot=\dimen269
\mult@nat@firstbox=\box111
\colbreak@box=\box112
\mc@col@check@num=\count332
\g__mc_curr_col_int=\count333
) (c:/texlive/2025/texmf-dist/tex/latex/caption/caption.sty
Package: caption 2023/08/05 v3.6o Customizing captions (AR)
 (c:/texlive/2025/texmf-dist/tex/latex/caption/caption3.sty
Package: caption3 2023/07/31 v2.4d caption3 kernel (AR)
\caption@tempdima=\dimen270
\captionmargin=\dimen271
\caption@leftmargin=\dimen272
\caption@rightmargin=\dimen273
\caption@width=\dimen274
\caption@indent=\dimen275
\caption@parindent=\dimen276
\caption@hangindent=\dimen277
Package caption Info: Standard document class detected.
)
\c@caption@flags=\count334
\c@continuedfloat=\count335
Package caption Info: wrapfig package is loaded.
) (c:/texlive/2025/texmf-dist/tex/latex/caption/subcaption.sty
Package: subcaption 2023/07/28 v1.6b Sub-captions (AR)
Package caption Info: New subtype `subfigure' on input line 238.
\c@subfigure=\count336
Package caption Info: New subtype `subtable' on input line 238.
\c@subtable=\count337
) (c:/texlive/2025/texmf-dist/tex/latex/adjustbox/adjustbox.sty
Package: adjustbox 2025/02/26 v1.3c Adjusting TeX boxes (trim, clip, ...)
 (c:/texlive/2025/texmf-dist/tex/latex/xkeyval/xkeyval.sty
Package: xkeyval 2025/11/04 v2.10 package option processing (HA)
 (c:/texlive/2025/texmf-dist/tex/generic/xkeyval/xkeyval.tex (c:/texlive/2025/texmf-dist/tex/generic/xkeyval/xkvutils.tex
\XKV@toks=\toks33
\XKV@tempa@toks=\toks34
\XKV@tempb@toks=\toks35
)
\XKV@depth=\count338
File: xkeyval.tex 2014/12/03 v2.7a key=value parser (HA)
)) (c:/texlive/2025/texmf-dist/tex/latex/adjustbox/adjcalc.sty
Package: adjcalc 2012/05/16 v1.1 Provides advanced setlength with multiple back-ends (calc, etex, pgfmath)
) (c:/texlive/2025/texmf-dist/tex/latex/adjustbox/trimclip.sty
Package: trimclip 2025/02/21 v1.2a Trim and clip general TeX material
 (c:/texlive/2025/texmf-dist/tex/latex/collectbox/collectbox.sty
Package: collectbox 2022/10/17 v0.4c Collect macro arguments as boxes
\collectedbox=\box113
)
\tc@llx=\dimen278
\tc@lly=\dimen279
\tc@urx=\dimen280
\tc@ury=\dimen281
Package trimclip Info: Using driver 'tc-pdftex.def'.
 (c:/texlive/2025/texmf-dist/tex/latex/adjustbox/tc-pdftex.def
File: tc-pdftex.def 2025/02/26 v2.3 Clipping driver for pdftex
))
\adjbox@Width=\dimen282
\adjbox@Height=\dimen283
\adjbox@Depth=\dimen284
\adjbox@Totalheight=\dimen285
\adjbox@pwidth=\dimen286
\adjbox@pheight=\dimen287
\adjbox@pdepth=\dimen288
\adjbox@ptotalheight=\dimen289
 (c:/texlive/2025/texmf-dist/tex/latex/ifoddpage/ifoddpage.sty
Package: ifoddpage 2022/10/18 v1.2 Conditionals for odd/even page detection
\c@checkoddpage=\count339
) (c:/texlive/2025/texmf-dist/tex/latex/varwidth/varwidth.sty
Package: varwidth 2009/03/30 ver 0.92;  Variable-width minipages
\@vwid@box=\box114
\sift@deathcycles=\count340
\@vwid@loff=\dimen290
\@vwid@roff=\dimen291
)
==> First Aid for varwidth.sty applied!
) (c:/texlive/2025/texmf-dist/tex/latex/setspace/setspace.sty
Package: setspace 2022/12/04 v6.7b set line spacing
) (c:/texlive/2025/texmf-dist/tex/latex/listings/listings.sty
\lst@mode=\count341
\lst@gtempboxa=\box115
\lst@token=\toks36
\lst@length=\count342
\lst@currlwidth=\dimen292
\lst@column=\count343
\lst@pos=\count344
\lst@lostspace=\dimen293
\lst@width=\dimen294
\lst@newlines=\count345
\lst@lineno=\count346
\lst@maxwidth=\dimen295
 (c:/texlive/2025/texmf-dist/tex/latex/listings/lstpatch.sty
File: lstpatch.sty 2025/11/14 1.11b (Carsten Heinz)
) (c:/texlive/2025/texmf-dist/tex/latex/listings/lstmisc.sty
File: lstmisc.sty 2025/11/14 1.11b (Carsten Heinz)
\c@lstnumber=\count347
\lst@skipnumbers=\count348
\lst@framebox=\box116
) (c:/texlive/2025/texmf-dist/tex/latex/listings/listings.cfg
File: listings.cfg 2025/11/14 1.11b listings configuration
))
Package: listings 2025/11/14 1.11b (Carsten Heinz)

==> First Aid for listings.sty no longer applied!
    Expected:
        2024/09/23 1.10c (Carsten Heinz)
    but found:
        2025/11/14 1.11b (Carsten Heinz)
    so I'm assuming it got fixed.
(c:/texlive/2025/texmf-dist/tex/latex/mdframed/mdframed.sty
Package: mdframed 2013/07/01 1.9b: mdframed
 (c:/texlive/2025/texmf-dist/tex/latex/kvoptions/kvoptions.sty
Package: kvoptions 2022-06-15 v3.15 Key value format for package options (HO)
 (c:/texlive/2025/texmf-dist/tex/latex/kvsetkeys/kvsetkeys.sty
Package: kvsetkeys 2022-10-05 v1.19 Key value parser (HO)
)) (c:/texlive/2025/texmf-dist/tex/latex/l3packages/xparse/xparse.sty (c:/texlive/2025/texmf-dist/tex/latex/l3kernel/expl3.sty
Package: expl3 2025-11-14 L3 programming layer (loader) 
 (c:/texlive/2025/texmf-dist/tex/latex/l3backend/l3backend-pdftex.def
File: l3backend-pdftex.def 2025-10-09 L3 backend support: PDF output (pdfTeX)
\l__color_backend_stack_int=\count349
))
Package: xparse 2025-10-09 L3 Experimental document command parser
) (c:/texlive/2025/texmf-dist/tex/latex/zref/zref-abspage.sty
Package: zref-abspage 2025-06-08 v2.36 Module abspage for zref (HO)
 (c:/texlive/2025/texmf-dist/tex/latex/zref/zref-base.sty
Package: zref-base 2025-06-08 v2.36 Module base for zref (HO)
 (c:/texlive/2025/texmf-dist/tex/generic/kvdefinekeys/kvdefinekeys.sty
Package: kvdefinekeys 2019-12-19 v1.6 Define keys (HO)
) (c:/texlive/2025/texmf-dist/tex/generic/etexcmds/etexcmds.sty
Package: etexcmds 2019/12/15 v1.7 Avoid name clashes with e-TeX commands (HO)
) (c:/texlive/2025/texmf-dist/tex/latex/auxhook/auxhook.sty
Package: auxhook 2019-12-17 v1.6 Hooks for auxiliary files (HO)
)
Package zref Info: New property list: main on input line 767.
Package zref Info: New property: default on input line 768.
Package zref Info: New property: page on input line 769.
)
\c@abspage=\count350
Package zref Info: New property: abspage on input line 67.
) (c:/texlive/2025/texmf-dist/tex/latex/needspace/needspace.sty
Package: needspace 2025/03/13 v1.3e reserve vertical space
)
\mdf@templength=\skip65
\c@mdf@globalstyle@cnt=\count351
\mdf@skipabove@length=\skip66
\mdf@skipbelow@length=\skip67
\mdf@leftmargin@length=\skip68
\mdf@rightmargin@length=\skip69
\mdf@innerleftmargin@length=\skip70
\mdf@innerrightmargin@length=\skip71
\mdf@innertopmargin@length=\skip72
\mdf@innerbottommargin@length=\skip73
\mdf@splittopskip@length=\skip74
\mdf@splitbottomskip@length=\skip75
\mdf@outermargin@length=\skip76
\mdf@innermargin@length=\skip77
\mdf@linewidth@length=\skip78
\mdf@innerlinewidth@length=\skip79
\mdf@middlelinewidth@length=\skip80
\mdf@outerlinewidth@length=\skip81
\mdf@roundcorner@length=\skip82
\mdf@footenotedistance@length=\skip83
\mdf@userdefinedwidth@length=\skip84
\mdf@needspace@length=\skip85
\mdf@frametitleaboveskip@length=\skip86
\mdf@frametitlebelowskip@length=\skip87
\mdf@frametitlerulewidth@length=\skip88
\mdf@frametitleleftmargin@length=\skip89
\mdf@frametitlerightmargin@length=\skip90
\mdf@shadowsize@length=\skip91
\mdf@extratopheight@length=\skip92
\mdf@subtitleabovelinewidth@length=\skip93
\mdf@subtitlebelowlinewidth@length=\skip94
\mdf@subtitleaboveskip@length=\skip95
\mdf@subtitlebelowskip@length=\skip96
\mdf@subtitleinneraboveskip@length=\skip97
\mdf@subtitleinnerbelowskip@length=\skip98
\mdf@subsubtitleabovelinewidth@length=\skip99
\mdf@subsubtitlebelowlinewidth@length=\skip100
\mdf@subsubtitleaboveskip@length=\skip101
\mdf@subsubtitlebelowskip@length=\skip102
\mdf@subsubtitleinneraboveskip@length=\skip103
\mdf@subsubtitleinnerbelowskip@length=\skip104
 (c:/texlive/2025/texmf-dist/tex/latex/mdframed/md-frame-0.mdf
File: md-frame-0.mdf 2013/07/01\ 1.9b: md-frame-0
)
\mdf@frametitlebox=\box117
\mdf@footnotebox=\box118
\mdf@splitbox@one=\box119
\mdf@splitbox@two=\box120
\mdf@splitbox@save=\box121
\mdfsplitboxwidth=\skip105
\mdfsplitboxtotalwidth=\skip106
\mdfsplitboxheight=\skip107
\mdfsplitboxdepth=\skip108
\mdfsplitboxtotalheight=\skip109
\mdfframetitleboxwidth=\skip110
\mdfframetitleboxtotalwidth=\skip111
\mdfframetitleboxheight=\skip112
\mdfframetitleboxdepth=\skip113
\mdfframetitleboxtotalheight=\skip114
\mdffootnoteboxwidth=\skip115
\mdffootnoteboxtotalwidth=\skip116
\mdffootnoteboxheight=\skip117
\mdffootnoteboxdepth=\skip118
\mdffootnoteboxtotalheight=\skip119
\mdftotallinewidth=\skip120
\mdfboundingboxwidth=\skip121
\mdfboundingboxtotalwidth=\skip122
\mdfboundingboxheight=\skip123
\mdfboundingboxdepth=\skip124
\mdfboundingboxtotalheight=\skip125
\mdf@freevspace@length=\skip126
\mdf@horizontalwidthofbox@length=\skip127
\mdf@verticalmarginwhole@length=\skip128
\mdf@horizontalspaceofbox=\skip129
\mdfsubtitleheight=\skip130
\mdfsubsubtitleheight=\skip131
\c@mdfcountframes=\count352

****** mdframed patching \endmdf@trivlist

****** -- success******

\mdf@envdepth=\count353
\c@mdf@env@i=\count354
\c@mdf@env@ii=\count355
\c@mdf@zref@counter=\count356
Package zref Info: New property: mdf@pagevalue on input line 895.
) (c:/texlive/2025/texmf-dist/tex/latex/pgf/frontendlayer/tikz.sty (c:/texlive/2025/texmf-dist/tex/latex/pgf/basiclayer/pgf.sty (c:/texlive/2025/texmf-dist/tex/latex/pgf/utilities/pgfrcs.sty (c:/texlive/2025/texmf-dist/tex/generic/pgf/utilities/pgfutil-common.tex
\pgfutil@everybye=\toks37
\pgfutil@tempdima=\dimen296
\pgfutil@tempdimb=\dimen297
) (c:/texlive/2025/texmf-dist/tex/generic/pgf/utilities/pgfutil-latex.def
\pgfutil@abb=\box122
) (c:/texlive/2025/texmf-dist/tex/generic/pgf/utilities/pgfrcs.code.tex (c:/texlive/2025/texmf-dist/tex/generic/pgf/pgf.revision.tex)
Package: pgfrcs 2025-08-29 v3.1.11a (3.1.11a)
))
Package: pgf 2025-08-29 v3.1.11a (3.1.11a)
 (c:/texlive/2025/texmf-dist/tex/latex/pgf/basiclayer/pgfcore.sty (c:/texlive/2025/texmf-dist/tex/latex/pgf/systemlayer/pgfsys.sty (c:/texlive/2025/texmf-dist/tex/generic/pgf/systemlayer/pgfsys.code.tex
Package: pgfsys 2025-08-29 v3.1.11a (3.1.11a)
 (c:/texlive/2025/texmf-dist/tex/generic/pgf/utilities/pgfkeys.code.tex
\pgfkeys@pathtoks=\toks38
\pgfkeys@temptoks=\toks39
 (c:/texlive/2025/texmf-dist/tex/generic/pgf/utilities/pgfkeyslibraryfiltered.code.tex
\pgfkeys@tmptoks=\toks40
))
\pgf@x=\dimen298
\pgf@y=\dimen299
\pgf@xa=\dimen300
\pgf@ya=\dimen301
\pgf@xb=\dimen302
\pgf@yb=\dimen303
\pgf@xc=\dimen304
\pgf@yc=\dimen305
\pgf@xd=\dimen306
\pgf@yd=\dimen307
\w@pgf@writea=\write3
\r@pgf@reada=\read2
\c@pgf@counta=\count357
\c@pgf@countb=\count358
\c@pgf@countc=\count359
\c@pgf@countd=\count360
\t@pgf@toka=\toks41
\t@pgf@tokb=\toks42
\t@pgf@tokc=\toks43
\pgf@sys@id@count=\count361
 (c:/texlive/2025/texmf-dist/tex/generic/pgf/systemlayer/pgf.cfg
File: pgf.cfg 2025-08-29 v3.1.11a (3.1.11a)
)
Driver file for pgf: pgfsys-pdftex.def
 (c:/texlive/2025/texmf-dist/tex/generic/pgf/systemlayer/pgfsys-pdftex.def
File: pgfsys-pdftex.def 2025-08-29 v3.1.11a (3.1.11a)
 (c:/texlive/2025/texmf-dist/tex/generic/pgf/systemlayer/pgfsys-common-pdf.def
File: pgfsys-common-pdf.def 2025-08-29 v3.1.11a (3.1.11a)
))) (c:/texlive/2025/texmf-dist/tex/generic/pgf/systemlayer/pgfsyssoftpath.code.tex
File: pgfsyssoftpath.code.tex 2025-08-29 v3.1.11a (3.1.11a)
\pgfsyssoftpath@smallbuffer@items=\count362
\pgfsyssoftpath@bigbuffer@items=\count363
) (c:/texlive/2025/texmf-dist/tex/generic/pgf/systemlayer/pgfsysprotocol.code.tex
File: pgfsysprotocol.code.tex 2025-08-29 v3.1.11a (3.1.11a)
)) (c:/texlive/2025/texmf-dist/tex/generic/pgf/basiclayer/pgfcore.code.tex
Package: pgfcore 2025-08-29 v3.1.11a (3.1.11a)
 (c:/texlive/2025/texmf-dist/tex/generic/pgf/math/pgfmath.code.tex (c:/texlive/2025/texmf-dist/tex/generic/pgf/math/pgfmathutil.code.tex) (c:/texlive/2025/texmf-dist/tex/generic/pgf/math/pgfmathparser.code.tex
\pgfmath@dimen=\dimen308
\pgfmath@count=\count364
\pgfmath@box=\box123
\pgfmath@toks=\toks44
\pgfmath@stack@operand=\toks45
\pgfmath@stack@operation=\toks46
) (c:/texlive/2025/texmf-dist/tex/generic/pgf/math/pgfmathfunctions.code.tex) (c:/texlive/2025/texmf-dist/tex/generic/pgf/math/pgfmathfunctions.basic.code.tex) (c:/texlive/2025/texmf-dist/tex/generic/pgf/math/pgfmathfunctions.trigonometric.code.tex) (c:/texlive/2025/texmf-dist/tex/generic/pgf/math/pgfmathfunctions.random.code.tex) (c:/texlive/2025/texmf-dist/tex/generic/pgf/math/pgfmathfunctions.comparison.code.tex) (c:/texlive/2025/texmf-dist/tex/generic/pgf/math/pgfmathfunctions.base.code.tex) (c:/texlive/2025/texmf-dist/tex/generic/pgf/math/pgfmathfunctions.round.code.tex) (c:/texlive/2025/texmf-dist/tex/generic/pgf/math/pgfmathfunctions.misc.code.tex) (c:/texlive/2025/texmf-dist/tex/generic/pgf/math/pgfmathfunctions.integerarithmetics.code.tex) (c:/texlive/2025/texmf-dist/tex/generic/pgf/math/pgfmathcalc.code.tex) (c:/texlive/2025/texmf-dist/tex/generic/pgf/math/pgfmathfloat.code.tex
\c@pgfmathroundto@lastzeros=\count365
)) (c:/texlive/2025/texmf-dist/tex/generic/pgf/math/pgfint.code.tex) (c:/texlive/2025/texmf-dist/tex/generic/pgf/basiclayer/pgfcorepoints.code.tex
File: pgfcorepoints.code.tex 2025-08-29 v3.1.11a (3.1.11a)
\pgf@picminx=\dimen309
\pgf@picmaxx=\dimen310
\pgf@picminy=\dimen311
\pgf@picmaxy=\dimen312
\pgf@pathminx=\dimen313
\pgf@pathmaxx=\dimen314
\pgf@pathminy=\dimen315
\pgf@pathmaxy=\dimen316
\pgf@xx=\dimen317
\pgf@xy=\dimen318
\pgf@yx=\dimen319
\pgf@yy=\dimen320
\pgf@zx=\dimen321
\pgf@zy=\dimen322
) (c:/texlive/2025/texmf-dist/tex/generic/pgf/basiclayer/pgfcorepathconstruct.code.tex
File: pgfcorepathconstruct.code.tex 2025-08-29 v3.1.11a (3.1.11a)
\pgf@path@lastx=\dimen323
\pgf@path@lasty=\dimen324
) (c:/texlive/2025/texmf-dist/tex/generic/pgf/basiclayer/pgfcorepathusage.code.tex
File: pgfcorepathusage.code.tex 2025-08-29 v3.1.11a (3.1.11a)
\pgf@shorten@end@additional=\dimen325
\pgf@shorten@start@additional=\dimen326
) (c:/texlive/2025/texmf-dist/tex/generic/pgf/basiclayer/pgfcorescopes.code.tex
File: pgfcorescopes.code.tex 2025-08-29 v3.1.11a (3.1.11a)
\pgfpic=\box124
\pgf@hbox=\box125
\pgf@layerbox@main=\box126
\pgf@picture@serial@count=\count366
) (c:/texlive/2025/texmf-dist/tex/generic/pgf/basiclayer/pgfcoregraphicstate.code.tex
File: pgfcoregraphicstate.code.tex 2025-08-29 v3.1.11a (3.1.11a)
\pgflinewidth=\dimen327
) (c:/texlive/2025/texmf-dist/tex/generic/pgf/basiclayer/pgfcoretransformations.code.tex
File: pgfcoretransformations.code.tex 2025-08-29 v3.1.11a (3.1.11a)
\pgf@pt@x=\dimen328
\pgf@pt@y=\dimen329
\pgf@pt@temp=\dimen330
) (c:/texlive/2025/texmf-dist/tex/generic/pgf/basiclayer/pgfcorequick.code.tex
File: pgfcorequick.code.tex 2025-08-29 v3.1.11a (3.1.11a)
) (c:/texlive/2025/texmf-dist/tex/generic/pgf/basiclayer/pgfcoreobjects.code.tex
File: pgfcoreobjects.code.tex 2025-08-29 v3.1.11a (3.1.11a)
) (c:/texlive/2025/texmf-dist/tex/generic/pgf/basiclayer/pgfcorepathprocessing.code.tex
File: pgfcorepathprocessing.code.tex 2025-08-29 v3.1.11a (3.1.11a)
) (c:/texlive/2025/texmf-dist/tex/generic/pgf/basiclayer/pgfcorearrows.code.tex
File: pgfcorearrows.code.tex 2025-08-29 v3.1.11a (3.1.11a)
\pgfarrowsep=\dimen331
) (c:/texlive/2025/texmf-dist/tex/generic/pgf/basiclayer/pgfcoreshade.code.tex
File: pgfcoreshade.code.tex 2025-08-29 v3.1.11a (3.1.11a)
\pgf@max=\dimen332
\pgf@sys@shading@range@num=\count367
\pgf@shadingcount=\count368
) (c:/texlive/2025/texmf-dist/tex/generic/pgf/basiclayer/pgfcoreimage.code.tex
File: pgfcoreimage.code.tex 2025-08-29 v3.1.11a (3.1.11a)
) (c:/texlive/2025/texmf-dist/tex/generic/pgf/basiclayer/pgfcoreexternal.code.tex
File: pgfcoreexternal.code.tex 2025-08-29 v3.1.11a (3.1.11a)
\pgfexternal@startupbox=\box127
) (c:/texlive/2025/texmf-dist/tex/generic/pgf/basiclayer/pgfcorelayers.code.tex
File: pgfcorelayers.code.tex 2025-08-29 v3.1.11a (3.1.11a)
) (c:/texlive/2025/texmf-dist/tex/generic/pgf/basiclayer/pgfcoretransparency.code.tex
File: pgfcoretransparency.code.tex 2025-08-29 v3.1.11a (3.1.11a)
) (c:/texlive/2025/texmf-dist/tex/generic/pgf/basiclayer/pgfcorepatterns.code.tex
File: pgfcorepatterns.code.tex 2025-08-29 v3.1.11a (3.1.11a)
) (c:/texlive/2025/texmf-dist/tex/generic/pgf/basiclayer/pgfcorerdf.code.tex
File: pgfcorerdf.code.tex 2025-08-29 v3.1.11a (3.1.11a)
))) (c:/texlive/2025/texmf-dist/tex/generic/pgf/modules/pgfmoduleshapes.code.tex
File: pgfmoduleshapes.code.tex 2025-08-29 v3.1.11a (3.1.11a)
\pgfnodeparttextbox=\box128
) (c:/texlive/2025/texmf-dist/tex/generic/pgf/modules/pgfmoduleplot.code.tex
File: pgfmoduleplot.code.tex 2025-08-29 v3.1.11a (3.1.11a)
) (c:/texlive/2025/texmf-dist/tex/latex/pgf/compatibility/pgfcomp-version-0-65.sty
Package: pgfcomp-version-0-65 2025-08-29 v3.1.11a (3.1.11a)
\pgf@nodesepstart=\dimen333
\pgf@nodesepend=\dimen334
) (c:/texlive/2025/texmf-dist/tex/latex/pgf/compatibility/pgfcomp-version-1-18.sty
Package: pgfcomp-version-1-18 2025-08-29 v3.1.11a (3.1.11a)
)) (c:/texlive/2025/texmf-dist/tex/latex/pgf/utilities/pgffor.sty (c:/texlive/2025/texmf-dist/tex/latex/pgf/utilities/pgfkeys.sty (c:/texlive/2025/texmf-dist/tex/generic/pgf/utilities/pgfkeys.code.tex)) (c:/texlive/2025/texmf-dist/tex/latex/pgf/math/pgfmath.sty (c:/texlive/2025/texmf-dist/tex/generic/pgf/math/pgfmath.code.tex)) (c:/texlive/2025/texmf-dist/tex/generic/pgf/utilities/pgffor.code.tex
Package: pgffor 2025-08-29 v3.1.11a (3.1.11a)
\pgffor@iter=\dimen335
\pgffor@skip=\dimen336
\pgffor@stack=\toks47
\pgffor@toks=\toks48
)) (c:/texlive/2025/texmf-dist/tex/generic/pgf/frontendlayer/tikz/tikz.code.tex
Package: tikz 2025-08-29 v3.1.11a (3.1.11a)
 (c:/texlive/2025/texmf-dist/tex/generic/pgf/libraries/pgflibraryplothandlers.code.tex
File: pgflibraryplothandlers.code.tex 2025-08-29 v3.1.11a (3.1.11a)
\pgf@plot@mark@count=\count369
\pgfplotmarksize=\dimen337
)
\tikz@lastx=\dimen338
\tikz@lasty=\dimen339
\tikz@lastxsaved=\dimen340
\tikz@lastysaved=\dimen341
\tikz@lastmovetox=\dimen342
\tikz@lastmovetoy=\dimen343
\tikzleveldistance=\dimen344
\tikzsiblingdistance=\dimen345
\tikz@figbox=\box129
\tikz@figbox@bg=\box130
\tikz@tempbox=\box131
\tikz@tempbox@bg=\box132
\tikztreelevel=\count370
\tikznumberofchildren=\count371
\tikznumberofcurrentchild=\count372
\tikz@fig@count=\count373
 (c:/texlive/2025/texmf-dist/tex/generic/pgf/modules/pgfmodulematrix.code.tex
File: pgfmodulematrix.code.tex 2025-08-29 v3.1.11a (3.1.11a)
\pgfmatrixcurrentrow=\count374
\pgfmatrixcurrentcolumn=\count375
\pgf@matrix@numberofcolumns=\count376
)
\tikz@expandcount=\count377
 (c:/texlive/2025/texmf-dist/tex/generic/pgf/frontendlayer/tikz/libraries/tikzlibrarytopaths.code.tex
File: tikzlibrarytopaths.code.tex 2025-08-29 v3.1.11a (3.1.11a)
))) (c:/texlive/2025/texmf-dist/tex/latex/url/url.sty
\Urlmuskip=\muskip18
Package: url 2013/09/16  ver 3.4  Verb mode for urls, etc.
) (c:/texlive/2025/texmf-dist/tex/latex/marginnote/marginnote.sty
Package: marginnote 2018/08/09 1.4b non floating margin notes for LaTeX
\c@mn@abspage=\count378
) (c:/texlive/2025/texmf-dist/tex/latex/csquotes/csquotes.sty
Package: csquotes 2024-04-04 v5.2o context-sensitive quotations (JAW)
\csq@reset=\count379
\csq@gtype=\count380
\csq@glevel=\count381
\csq@qlevel=\count382
\csq@maxlvl=\count383
\csq@tshold=\count384
\csq@ltx@everypar=\toks49
 (c:/texlive/2025/texmf-dist/tex/latex/csquotes/csquotes.def
File: csquotes.def 2024-04-04 v5.2o csquotes generic definitions (JAW)
)
Package csquotes Info: Trying to load configuration file 'csquotes.cfg'...
Package csquotes Info: ... configuration file loaded successfully.
 (c:/texlive/2025/texmf-dist/tex/latex/csquotes/csquotes.cfg
File: csquotes.cfg 
)) (c:/texlive/2025/texmf-dist/tex/generic/ulem/ulem.sty
\UL@box=\box133
\UL@hyphenbox=\box134
\UL@skip=\skip132
\UL@hook=\toks50
\UL@height=\dimen346
\UL@pe=\count385
\UL@pixel=\dimen347
\ULC@box=\box135
Package: ulem 2019/11/18
\ULdepth=\dimen348
) (c:/texlive/2025/texmf-dist/tex/latex/titlesec/titlesec.sty
Package: titlesec 2025/01/04 v2.17 Sectioning titles
\ttl@box=\box136
\beforetitleunit=\skip133
\aftertitleunit=\skip134
\ttl@plus=\dimen349
\ttl@minus=\dimen350
\ttl@toksa=\toks51
\titlewidth=\dimen351
\titlewidthlast=\dimen352
\titlewidthfirst=\dimen353
) (c:/texlive/2025/texmf-dist/tex/latex/mathtools/empheq.sty
Package: empheq 2024/08/09 v2.17 Emphasizing equations
\l_EQ_equationtype_int=\count386
\l_EQ_alignmentmode_int=\count387
\l_EQ_totalwidth_dim=\dimen354
\l_EQ_displaywidth_dim=\dimen355
\l_EQ_temp_linewidth_dim=\dimen356
\l_EQ_linewidth_dim=\dimen357
\EmphEqdelimitershortfall=\dimen358
\EmphEqdelimiterfactor=\count388
\g_EQ_toptag_height_dim=\dimen359
\g_EQ_bottomtag_depth_dim=\dimen360
\g_EQ_toprow_height_dim=\dimen361
\g_EQ_bottomrow_depth_dim=\dimen362
\g_EQ_widesttag_dim=\dimen363
\EQ_mathdisplay_box=\box137
\EQ_tag_box=\box138
\g_EQ_temprow_int=\count389
) (c:/texlive/2025/texmf-dist/tex/latex/nomencl/nomencl.sty
Package: nomencl 2021/11/10 v5.6 Nomenclature package
 (c:/texlive/2025/texmf-dist/tex/latex/base/ifthen.sty
Package: ifthen 2024/03/16 v1.1e Standard LaTeX ifthen package (DPC)
) (c:/texlive/2025/texmf-dist/tex/latex/koma-script/tocbasic.sty
Package: tocbasic 2025/09/09 v3.48 KOMA-Script package (handling toc-files)
 (c:/texlive/2025/texmf-dist/tex/latex/koma-script/scrbase.sty
Package: scrbase 2025/09/09 v3.48 KOMA-Script package (KOMA-Script-independent basics and keyval usage)
 (c:/texlive/2025/texmf-dist/tex/latex/koma-script/scrlfile.sty
Package: scrlfile 2025/09/09 v3.48 KOMA-Script package (file load hooks)
 (c:/texlive/2025/texmf-dist/tex/latex/koma-script/scrlfile-hook.sty
Package: scrlfile-hook 2025/09/09 v3.48 KOMA-Script package (using LaTeX hooks)
 (c:/texlive/2025/texmf-dist/tex/latex/koma-script/scrlogo.sty
Package: scrlogo 2025/09/09 v3.48 KOMA-Script package (logo)
)))
Applying: [2021/05/01] Usage of raw or classic option list on input line 254.
Already applied: [0000/00/00] Usage of raw or classic option list on input line 370.
)
\scr@dte@tocline@numberwidth=\skip135
\scr@dte@tocline@numbox=\box139
)
Package tocbasic Info: omitting babel extension for `nlo'
(tocbasic)             because of missing \bbl@set@language on input line 187.
Package tocbasic Info: omitting babel extension for `nls'
(tocbasic)             because of missing \bbl@set@language on input line 188.
\nomlabelwidth=\dimen364
\nom@tempdim=\dimen365
\nomitemsep=\skip136
)
\@nomenclaturefile=\write4
\openout4 = `notes.nlo'.

Package nomencl Info: Writing nomenclature file notes.nlo on input line 84.
\c@definitioninner=\count390
\c@remarkinner=\count391
 (c:/texlive/2025/texmf-dist/tex/latex/fancyhdr/fancyhdr.sty
Package: fancyhdr 2025/02/07 v5.2 Extensive control of page headers and footers
\f@nch@headwidth=\skip137
\f@nch@offset@elh=\skip138
\f@nch@offset@erh=\skip139
\f@nch@offset@olh=\skip140
\f@nch@offset@orh=\skip141
\f@nch@offset@elf=\skip142
\f@nch@offset@erf=\skip143
\f@nch@offset@olf=\skip144
\f@nch@offset@orf=\skip145
\f@nch@height=\skip146
\f@nch@footalignment=\skip147
\f@nch@widthL=\skip148
\f@nch@widthC=\skip149
\f@nch@widthR=\skip150
\@temptokenb=\toks52
) (c:/texlive/2025/texmf-dist/tex/latex/hyperref/hyperref.sty
Package: hyperref 2025-07-12 v7.01o Hypertext links for LaTeX
 (c:/texlive/2025/texmf-dist/tex/generic/pdfescape/pdfescape.sty
Package: pdfescape 2019/12/09 v1.15 Implements pdfTeX's escape features (HO)
) (c:/texlive/2025/texmf-dist/tex/latex/hycolor/hycolor.sty
Package: hycolor 2020-01-27 v1.10 Color options for hyperref/bookmark (HO)
) (c:/texlive/2025/texmf-dist/tex/latex/hyperref/nameref.sty
Package: nameref 2025-06-21 v2.57 Cross-referencing by name of section
 (c:/texlive/2025/texmf-dist/tex/latex/refcount/refcount.sty
Package: refcount 2019/12/15 v3.6 Data extraction from label references (HO)
) (c:/texlive/2025/texmf-dist/tex/generic/gettitlestring/gettitlestring.sty
Package: gettitlestring 2019/12/15 v1.6 Cleanup title references (HO)
)
\c@section@level=\count392
) (c:/texlive/2025/texmf-dist/tex/generic/stringenc/stringenc.sty
Package: stringenc 2019/11/29 v1.12 Convert strings between diff. encodings (HO)
)
\@linkdim=\dimen366
\Hy@linkcounter=\count393
\Hy@pagecounter=\count394
 (c:/texlive/2025/texmf-dist/tex/latex/hyperref/pd1enc.def
File: pd1enc.def 2025-07-12 v7.01o Hyperref: PDFDocEncoding definition (HO)
Now handling font encoding PD1 ...
... no UTF-8 mapping file for font encoding PD1
) (c:/texlive/2025/texmf-dist/tex/generic/intcalc/intcalc.sty
Package: intcalc 2019/12/15 v1.3 Expandable calculations with integers (HO)
)
\Hy@SavedSpaceFactor=\count395
 (c:/texlive/2025/texmf-dist/tex/latex/hyperref/puenc.def
File: puenc.def 2025-07-12 v7.01o Hyperref: PDF Unicode definition (HO)
Now handling font encoding PU ...
... no UTF-8 mapping file for font encoding PU
)
Package hyperref Info: Hyper figures OFF on input line 4195.
Package hyperref Info: Link nesting OFF on input line 4200.
Package hyperref Info: Hyper index ON on input line 4203.
Package hyperref Info: Plain pages OFF on input line 4210.
Package hyperref Info: Backreferencing OFF on input line 4215.
Package hyperref Info: Implicit mode ON; LaTeX internals redefined.
Package hyperref Info: Bookmarks ON on input line 4462.
\c@Hy@tempcnt=\count396
LaTeX Info: Redefining \url on input line 4801.
\XeTeXLinkMargin=\dimen367
 (c:/texlive/2025/texmf-dist/tex/generic/bitset/bitset.sty
Package: bitset 2019/12/09 v1.3 Handle bit-vector datatype (HO)
 (c:/texlive/2025/texmf-dist/tex/generic/bigintcalc/bigintcalc.sty
Package: bigintcalc 2019/12/15 v1.5 Expandable calculations on big integers (HO)
))
\Fld@menulength=\count397
\Field@Width=\dimen368
\Fld@charsize=\dimen369
Package hyperref Info: Hyper figures OFF on input line 6078.
Package hyperref Info: Link nesting OFF on input line 6083.
Package hyperref Info: Hyper index ON on input line 6086.
Package hyperref Info: backreferencing OFF on input line 6093.
Package hyperref Info: Link coloring OFF on input line 6098.
Package hyperref Info: Link coloring with OCG OFF on input line 6103.
Package hyperref Info: PDF/A mode OFF on input line 6108.
\Hy@abspage=\count398
\c@Item=\count399
\c@Hfootnote=\count400
)
Package hyperref Info: Driver (autodetected): hpdftex.
 (c:/texlive/2025/texmf-dist/tex/latex/hyperref/hpdftex.def
File: hpdftex.def 2025-07-12 v7.01o Hyperref driver for pdfTeX
\HyAnn@Count=\count401
\Fld@listcount=\count402
\c@bookmark@seq@number=\count403
 (c:/texlive/2025/texmf-dist/tex/latex/rerunfilecheck/rerunfilecheck.sty
Package: rerunfilecheck 2025-06-21 v1.11 Rerun checks for auxiliary files (HO)
 (c:/texlive/2025/texmf-dist/tex/generic/uniquecounter/uniquecounter.sty
Package: uniquecounter 2019/12/15 v1.4 Provide unlimited unique counter (HO)
)
Package uniquecounter Info: New unique counter `rerunfilecheck' on input line 284.
)
\Hy@SectionHShift=\skip151
)
Package hyperref Info: Option `colorlinks' set `true' on input line 189.
Package hyperref Info: Option `bookmarksnumbered' set `true' on input line 189.
Package hyperref Info: Option `bookmarksopen' set `true' on input line 189.
 (c:/texlive/2025/texmf-dist/tex/latex/psnfss/pifont.sty
Package: pifont 2020/03/25 PSNFSS-v9.3 Pi font support (SPQR) 
LaTeX Font Info:    Trying to load font information for U+pzd on input line 63.
 (c:/texlive/2025/texmf-dist/tex/latex/psnfss/upzd.fd
File: upzd.fd 2001/06/04 font definitions for U/pzd.
)
LaTeX Font Info:    Trying to load font information for U+psy on input line 64.
 (c:/texlive/2025/texmf-dist/tex/latex/psnfss/upsy.fd
File: upsy.fd 2001/06/04 font definitions for U/psy.
)) (./symbols.tex)) (c:/texlive/2025/texmf-dist/tex/latex/natbib/natbib.sty
Package: natbib 2010/09/13 8.31b (PWD, AO)
\bibhang=\skip152
\bibsep=\skip153
LaTeX Info: Redefining \cite on input line 694.
\c@NAT@ctr=\count404
)
Package translations Info: No language package found. I am going to use `english' as default language. on input line 4.
Package csquotes Info: Checking for multilingual support...
Package csquotes Info: ... none found.
LaTeX Font Info:    Trying to load font information for OT1+ppl on input line 4.
 (c:/texlive/2025/texmf-dist/tex/latex/psnfss/ot1ppl.fd
File: ot1ppl.fd 2001/06/04 font definitions for OT1/ppl.
)
No file notes.aux.
\openout1 = `notes.aux'.

LaTeX Font Info:    Checking defaults for OML/cmm/m/it on input line 4.
LaTeX Font Info:    ... okay on input line 4.
LaTeX Font Info:    Checking defaults for OMS/cmsy/m/n on input line 4.
LaTeX Font Info:    ... okay on input line 4.
LaTeX Font Info:    Checking defaults for OT1/cmr/m/n on input line 4.
LaTeX Font Info:    ... okay on input line 4.
LaTeX Font Info:    Checking defaults for T1/cmr/m/n on input line 4.
LaTeX Font Info:    ... okay on input line 4.
LaTeX Font Info:    Checking defaults for TS1/cmr/m/n on input line 4.
LaTeX Font Info:    ... okay on input line 4.
LaTeX Font Info:    Checking defaults for OMX/cmex/m/n on input line 4.
LaTeX Font Info:    ... okay on input line 4.
LaTeX Font Info:    Checking defaults for U/cmr/m/n on input line 4.
LaTeX Font Info:    ... okay on input line 4.
LaTeX Font Info:    Checking defaults for PD1/pdf/m/n on input line 4.
LaTeX Font Info:    ... okay on input line 4.
LaTeX Font Info:    Checking defaults for PU/pdf/m/n on input line 4.
LaTeX Font Info:    ... okay on input line 4.
*geometry* driver: auto-detecting
*geometry* detected driver: pdftex
*geometry* verbose mode - [ preamble ] result:
* driver: pdftex
* paper: <default>
* layout: <same size as paper>
* layoutoffset:(h,v)=(0.0pt,0.0pt)
* modes: 
* h-part:(L,W,R)=(79.6678pt, 454.9594pt, 79.6678pt)
* v-part:(T,H,B)=(71.13188pt, 652.70622pt, 71.13188pt)
* \paperwidth=614.295pt
* \paperheight=794.96999pt
* \textwidth=454.9594pt
* \textheight=652.70622pt
* \oddsidemargin=7.39781pt
* \evensidemargin=7.39781pt
* \topmargin=-38.1381pt
* \headheight=12.0pt
* \headsep=25.0pt
* \topskip=10.0pt
* \footskip=30.0pt
* \marginparwidth=65.0pt
* \marginparsep=11.0pt
* \columnsep=10.0pt
* \skip\footins=9.0pt plus 4.0pt minus 2.0pt
* \hoffset=0.0pt
* \voffset=0.0pt
* \mag=1000
* \@twocolumnfalse
* \@twosidefalse
* \@mparswitchfalse
* \@reversemarginfalse
* (1in=72.27pt=25.4mm, 1cm=28.453pt)

(c:/texlive/2025/texmf-dist/tex/context/base/mkii/supp-pdf.mkii
[Loading MPS to PDF converter (version 2006.09.02).]
\scratchcounter=\count405
\scratchdimen=\dimen370
\scratchbox=\box140
\nofMPsegments=\count406
\nofMParguments=\count407
\everyMPshowfont=\toks53
\MPscratchCnt=\count408
\MPscratchDim=\dimen371
\MPnumerator=\count409
\makeMPintoPDFobject=\count410
\everyMPtoPDFconversion=\toks54
) (c:/texlive/2025/texmf-dist/tex/latex/epstopdf-pkg/epstopdf-base.sty
Package: epstopdf-base 2020-01-24 v2.11 Base part for package epstopdf
Package epstopdf-base Info: Redefining graphics rule for `.eps' on input line 485.
 (c:/texlive/2025/texmf-dist/tex/latex/latexconfig/epstopdf-sys.cfg
File: epstopdf-sys.cfg 2010/07/13 v1.3 Configuration of (r)epstopdf for TeX Live
)) (c:/texlive/2025/texmf-dist/tex/latex/translations/translations-basic-dictionary-english.trsl
File: translations-basic-dictionary-english.trsl (english translation file `translations-basic-dictionary')
)
Package translations Info: loading dictionary `translations-basic-dictionary' for `english'. on input line 4.
Package caption Info: Begin \AtBeginDocument code.
Package caption Info: hyperref package is loaded.
Package caption Info: listings package is loaded.
Package caption Info: End \AtBeginDocument code.
\c@lstlisting=\count411
Package tocbasic Info: omitting babel extension for `lol'
(tocbasic)             because of missing \bbl@set@language on input line 4.
Package hyperref Info: Link coloring ON on input line 4.
\@outlinefile=\write5
\openout5 = `notes.out'.

 [1

{c:/texlive/2025/texmf-var/fonts/map/pdftex/updmap/pdftex.map}{c:/texlive/2025/texmf-dist/fonts/enc/dvips/base/8r.enc}]
No file notes.toc.
\tf@toc=\write6
\openout6 = `notes.toc'.


pdfTeX warning (ext4): destination with the same identifier (name{page.1}) has been already used, duplicate ignored
<to be read again> 
                   \relax 
l.29 \newpage
              [1]
Package marginnote Info: Using workaround for absolute page number on input line 29.
 (./nomenclature.tex)
No file notes.nls.
[2] [3]
Package mdframed Info: mdframed detected package amsthm 
 changed the theorem header of amsthm
(mdframed)              on input line 47.
LaTeX Font Info:    Trying to load font information for U+msa on input line 48.
 (c:/texlive/2025/texmf-dist/tex/latex/amsfonts/umsa.fd
File: umsa.fd 2013/01/14 v3.01 AMS symbols A
)
LaTeX Font Info:    Trying to load font information for U+msb on input line 48.
 (c:/texlive/2025/texmf-dist/tex/latex/amsfonts/umsb.fd
File: umsb.fd 2013/01/14 v3.01 AMS symbols B
)
Package mdframed Info: mdframed detected package amsthm 
 changed the theorem header of amsthm
(mdframed)              on input line 54.
Package mdframed Info: mdframed detected package amsthm 
 changed the theorem header of amsthm
(mdframed)              on input line 59.
Package mdframed Info: mdframed detected package amsthm 
 changed the theorem header of amsthm
(mdframed)              on input line 64.


LaTeX Warning: Hyper reference `def:kB' on page 4 undefined on input line 65.


LaTeX Warning: Hyper reference `def:kB' on page 4 undefined on input line 65.


LaTeX Warning: Hyper reference `def:NA' on page 4 undefined on input line 65.

Package mdframed Info: mdframed detected package amsthm 
 changed the theorem header of amsthm
(mdframed)              on input line 69.
Package mdframed Info: mdframed detected package amsthm 
 changed the theorem header of amsthm
(mdframed)              on input line 74.
Package mdframed Info: mdframed detected package amsthm 
 changed the theorem header of amsthm
(mdframed)              on input line 79.
Package mdframed Info: mdframed detected package amsthm 
 changed the theorem header of amsthm
(mdframed)              on input line 87.

Package mdframed Warning: You got a bad break
(mdframed)                because the last box will be empty
(mdframed)                you have to change it manually
(mdframed)                by changing the text, the space
(mdframed)                or something else on input line 93.

[4]
Package mdframed Info: mdframed detected package amsthm 
 changed the theorem header of amsthm
(mdframed)              on input line 95.
Package mdframed Info: mdframed detected package amsthm 
 changed the theorem header of amsthm
(mdframed)              on input line 103.
Package mdframed Info: mdframed detected package amsthm 
 changed the theorem header of amsthm
(mdframed)              on input line 112.


LaTeX Warning: Hyper reference `def:MWmix' on page 5 undefined on input line 115.

Package mdframed Info: mdframed detected package amsthm 
 changed the theorem header of amsthm
(mdframed)              on input line 120.

LaTeX Warning: Hyper reference `def:Rbar' on page 5 undefined on input line 127.

Package mdframed Info: mdframed detected package amsthm 
 changed the theorem header of amsthm
(mdframed)              on input line 130.
Package mdframed Info: mdframed detected package amsthm 
 changed the theorem header of amsthm
(mdframed)              on input line 138.
Package mdframed Info: mdframed detected package amsthm 
 changed the theorem header of amsthm
(mdframed)              on input line 142.
[5]
LaTeX Font Info:    Trying to load font information for TS1+ppl on input line 168.
 (c:/texlive/2025/texmf-dist/tex/latex/psnfss/ts1ppl.fd
File: ts1ppl.fd 2001/06/04 font definitions for TS1/ppl.
) [6]
Package mdframed Info: mdframed detected package amsthm 
 changed the theorem header of amsthm
(mdframed)              on input line 186.
Package mdframed Info: mdframed detected package amsthm 
 changed the theorem header of amsthm
(mdframed)              on input line 190.
Package mdframed Info: mdframed detected package amsthm 
 changed the theorem header of amsthm
(mdframed)              on input line 194.


LaTeX Warning: Reference `Wbose' on page 7 undefined on input line 206.


LaTeX Warning: Reference `Wfermi' on page 7 undefined on input line 206.

Package mdframed Info: mdframed detected package amsthm 
 changed the theorem header of amsthm
(mdframed)              on input line 210.

LaTeX Warning: Reference `W' on page 7 undefined on input line 212.

Package mdframed Info: mdframed detected package amsthm 
 changed the theorem header of amsthm
(mdframed)              on input line 225.

LaTeX Warning: Reference `Nstar' on page 7 undefined on input line 226.

Package mdframed Info: mdframed detected package amsthm 
 changed the theorem header of amsthm
(mdframed)              on input line 233.
[7]
Package mdframed Info: mdframed detected package amsthm 
 changed the theorem header of amsthm
(mdframed)              on input line 242.


LaTeX Warning: Reference `BoltzmannDist' on page 8 undefined on input line 243.

Package mdframed Info: mdframed detected package amsthm 
 changed the theorem header of amsthm
(mdframed)              on input line 256.
Package mdframed Info: mdframed detected package amsthm 
 changed the theorem header of amsthm
(mdframed)              on input line 263.
Package mdframed Info: mdframed detected package amsthm 
 changed the theorem header of amsthm
(mdframed)              on input line 272.
Package mdframed Info: mdframed detected package amsthm 
 changed the theorem header of amsthm
(mdframed)              on input line 279.
Package mdframed Info: mdframed detected package amsthm 
 changed the theorem header of amsthm
(mdframed)              on input line 290.

LaTeX Warning: Reference `Helmholtz' on page 8 undefined on input line 296.

Package mdframed Info: Not enough space on this page on input line 314.
[8]
Package mdframed Info: Not enough space on this page on input line 314.
Package mdframed Info: mdframed detected package amsthm 
 changed the theorem header of amsthm
(mdframed)              on input line 316.
Package mdframed Info: mdframed detected package amsthm 
 changed the theorem header of amsthm
(mdframed)              on input line 330.
Package mdframed Info: mdframed detected package amsthm 
 changed the theorem header of amsthm
(mdframed)              on input line 348.
Package mdframed Info: Not enough space on this page on input line 367.
 [9]
Package mdframed Info: Not enough space on this page on input line 367.
Package mdframed Info: mdframed detected package amsthm 
 changed the theorem header of amsthm
(mdframed)              on input line 373.
Package mdframed Info: mdframed detected package amsthm 
 changed the theorem header of amsthm
(mdframed)              on input line 377.
 [10]

LaTeX Warning: Reference `elementalconstraint' on page 11 undefined on input line 409.


LaTeX Warning: Reference `chargeconstraint' on page 11 undefined on input line 409.


LaTeX Warning: Reference `elementalconstraint' on page 11 undefined on input line 425.


LaTeX Warning: Reference `chargeconstraint' on page 11 undefined on input line 429.

[11]

LaTeX Warning: Reference `elementalconstraint' on page 12 undefined on input line 472.


LaTeX Warning: Reference `chargeconstraint' on page 12 undefined on input line 472.

[12] [13]

Package hyperref Warning: Token not allowed in a PDF string (Unicode):
(hyperref)                removing `math shift' on input line 547.


Package hyperref Warning: Token not allowed in a PDF string (Unicode):
(hyperref)                removing `subscript' on input line 547.


Package hyperref Warning: Token not allowed in a PDF string (Unicode):
(hyperref)                removing `math shift' on input line 547.


LaTeX Warning: Reference `f1' on page 14 undefined on input line 549.


LaTeX Warning: Reference `chempot' on page 14 undefined on input line 549.


LaTeX Warning: Reference `newton' on page 14 undefined on input line 573.


Package hyperref Warning: Token not allowed in a PDF string (Unicode):
(hyperref)                removing `math shift' on input line 588.


Package hyperref Warning: Token not allowed in a PDF string (Unicode):
(hyperref)                removing `subscript' on input line 588.


Package hyperref Warning: Token not allowed in a PDF string (Unicode):
(hyperref)                removing `math shift' on input line 588.

[14]

Package hyperref Warning: Token not allowed in a PDF string (Unicode):
(hyperref)                removing `math shift' on input line 601.


Package hyperref Warning: Token not allowed in a PDF string (Unicode):
(hyperref)                removing `subscript' on input line 601.


Package hyperref Warning: Token not allowed in a PDF string (Unicode):
(hyperref)                removing `math shift' on input line 601.


Package hyperref Warning: Token not allowed in a PDF string (Unicode):
(hyperref)                removing `math shift' on input line 614.


Package hyperref Warning: Token not allowed in a PDF string (Unicode):
(hyperref)                removing `subscript' on input line 614.


Package hyperref Warning: Token not allowed in a PDF string (Unicode):
(hyperref)                removing `math shift' on input line 614.


Package hyperref Warning: Token not allowed in a PDF string (Unicode):
(hyperref)                removing `math shift' on input line 627.


Package hyperref Warning: Token not allowed in a PDF string (Unicode):
(hyperref)                removing `subscript' on input line 627.


Package hyperref Warning: Token not allowed in a PDF string (Unicode):
(hyperref)                removing `math shift' on input line 627.


Package hyperref Warning: Token not allowed in a PDF string (Unicode):
(hyperref)                removing `math shift' on input line 639.


Package hyperref Warning: Token not allowed in a PDF string (Unicode):
(hyperref)                removing `subscript' on input line 639.


Package hyperref Warning: Token not allowed in a PDF string (Unicode):
(hyperref)                removing `math shift' on input line 639.

[15]

LaTeX Warning: Reference `GlnNj' on page 16 undefined on input line 671.


LaTeX Warning: Reference `GlnN' on page 16 undefined on input line 671.


LaTeX Warning: Reference `GdlnTS' on page 16 undefined on input line 671.


LaTeX Warning: Reference `Gpii' on page 16 undefined on input line 679.


LaTeX Warning: Reference `GdlnTS' on page 16 undefined on input line 679.

[16]

LaTeX Warning: Reference `GRed' on page 17 undefined on input line 711.


LaTeX Warning: Reference `GdLnNj' on page 17 undefined on input line 711.

[17] [18]

LaTeX Warning: Reference `chempotF' on page 19 undefined on input line 794.


Package hyperref Warning: Token not allowed in a PDF string (Unicode):
(hyperref)                removing `math shift' on input line 796.


Package hyperref Warning: Token not allowed in a PDF string (Unicode):
(hyperref)                removing `subscript' on input line 796.


Package hyperref Warning: Token not allowed in a PDF string (Unicode):
(hyperref)                removing `math shift' on input line 796.


LaTeX Warning: Reference `f1lnT' on page 19 undefined on input line 807.


LaTeX Warning: Reference `derivativesF' on page 19 undefined on input line 807.


Package hyperref Warning: Token not allowed in a PDF string (Unicode):
(hyperref)                removing `math shift' on input line 816.


Package hyperref Warning: Token not allowed in a PDF string (Unicode):
(hyperref)                removing `subscript' on input line 816.


Package hyperref Warning: Token not allowed in a PDF string (Unicode):
(hyperref)                removing `math shift' on input line 816.

[19]

Package hyperref Warning: Token not allowed in a PDF string (Unicode):
(hyperref)                removing `math shift' on input line 830.


Package hyperref Warning: Token not allowed in a PDF string (Unicode):
(hyperref)                removing `subscript' on input line 830.


Package hyperref Warning: Token not allowed in a PDF string (Unicode):
(hyperref)                removing `math shift' on input line 830.


Package hyperref Warning: Token not allowed in a PDF string (Unicode):
(hyperref)                removing `math shift' on input line 844.


Package hyperref Warning: Token not allowed in a PDF string (Unicode):
(hyperref)                removing `subscript' on input line 844.


Package hyperref Warning: Token not allowed in a PDF string (Unicode):
(hyperref)                removing `math shift' on input line 844.


LaTeX Warning: Reference `dTID' on page 20 undefined on input line 851.


Package hyperref Warning: Token not allowed in a PDF string (Unicode):
(hyperref)                removing `math shift' on input line 865.


Package hyperref Warning: Token not allowed in a PDF string (Unicode):
(hyperref)                removing `subscript' on input line 865.


Package hyperref Warning: Token not allowed in a PDF string (Unicode):
(hyperref)                removing `math shift' on input line 865.


LaTeX Warning: Reference `dTID' on page 20 undefined on input line 872.

[20]

LaTeX Warning: Reference `HdlnNj' on page 21 undefined on input line 904.


LaTeX Warning: Reference `Hdpi' on page 21 undefined on input line 911.


LaTeX Warning: Reference `HdlnTS' on page 21 undefined on input line 911.

[21]

LaTeX Warning: Reference `redH1' on page 22 undefined on input line 936.


LaTeX Warning: Reference `redH2' on page 22 undefined on input line 936.


LaTeX Warning: Reference `redH3' on page 22 undefined on input line 936.


LaTeX Warning: Reference `redH4' on page 22 undefined on input line 936.

[22]

LaTeX Warning: Reference `EOS' on page 23 undefined on input line 968.

[23]
LaTeX Font Info:    Trying to load font information for OT1+pcr on input line 1011.
 (c:/texlive/2025/texmf-dist/tex/latex/psnfss/ot1pcr.fd
File: ot1pcr.fd 2001/06/04 font definitions for OT1/pcr.
)

Package hyperref Warning: Token not allowed in a PDF string (Unicode):
(hyperref)                removing `math shift' on input line 1050.


Package hyperref Warning: Token not allowed in a PDF string (Unicode):
(hyperref)                removing `subscript' on input line 1050.


Package hyperref Warning: Token not allowed in a PDF string (Unicode):
(hyperref)                removing `math shift' on input line 1050.

[24]

LaTeX Warning: Reference `dlnjdlnt' on page 25 undefined on input line 1069.


Underfull \hbox (badness 10000) detected at line 1083
 []$[]   [] [] [][] [][] \OT1/cmr/m/n/10 = \OMS/cmsy/m/n/10 ^^@ [] N[][]$ [][]  
 []

[25]

LaTeX Warning: Reference `dlvdlT' on page 26 undefined on input line 1092.


LaTeX Warning: Reference `dlnjdlnp' on page 26 undefined on input line 1114.

[26]

LaTeX Warning: Reference `dlvdlp' on page 27 undefined on input line 1140.

[27] [28]

LaTeX Warning: Reference `mu0_H' on page 29 undefined on input line 1245.


LaTeX Warning: Reference `mu0_U' on page 29 undefined on input line 1274.


LaTeX Warning: Reference `dSdT' on page 29 undefined on input line 1281.


LaTeX Warning: Reference `dmu0_U' on page 29 undefined on input line 1287.

[29] [30]

LaTeX Warning: Reference `sec:stat-thermo' on page 31 undefined on input line 1311.

Package mdframed Info: mdframed detected package amsthm 
 changed the theorem header of amsthm
(mdframed)              on input line 1317.
Package mdframed Info: mdframed detected package amsthm 
 changed the theorem header of amsthm
(mdframed)              on input line 1332.
Package mdframed Info: mdframed detected package amsthm 
 changed the theorem header of amsthm
(mdframed)              on input line 1347.

LaTeX Warning: Hyper reference `def:species-set' on page 31 undefined on input line 1362.


LaTeX Warning: Hyper reference `def:heavies-set' on page 31 undefined on input line 1362.


LaTeX Warning: Hyper reference `def:Rhat' on page 31 undefined on input line 1369.


LaTeX Warning: Hyper reference `def:MW' on page 31 undefined on input line 1369.

[31]

LaTeX Warning: Hyper reference `def:species-set' on page 32 undefined on input line 1375.


LaTeX Warning: Hyper reference `def:Rhat' on page 32 undefined on input line 1375.


LaTeX Warning: Hyper reference `def:MW' on page 32 undefined on input line 1375.


LaTeX Warning: Hyper reference `def:Ymass' on page 32 undefined on input line 1382.


LaTeX Warning: Hyper reference `def:species-set' on page 32 undefined on input line 1382.


LaTeX Warning: Hyper reference `def:Rhat' on page 32 undefined on input line 1389.


LaTeX Warning: Hyper reference `def:MW' on page 32 undefined on input line 1389.


LaTeX Warning: Hyper reference `def:Rhat' on page 32 undefined on input line 1397.


LaTeX Warning: Hyper reference `def:MW' on page 32 undefined on input line 1397.


LaTeX Warning: Hyper reference `def:poly-set' on page 32 undefined on input line 1403.


LaTeX Warning: Hyper reference `def:Rhat' on page 32 undefined on input line 1403.


LaTeX Warning: Hyper reference `def:MW' on page 32 undefined on input line 1403.


LaTeX Warning: Hyper reference `def:poly-set' on page 32 undefined on input line 1409.


LaTeX Warning: Hyper reference `def:Ymass' on page 32 undefined on input line 1409.


LaTeX Warning: Hyper reference `def:poly-set' on page 32 undefined on input line 1409.


LaTeX Warning: Hyper reference `def:Rhat' on page 32 undefined on input line 1415.


LaTeX Warning: Hyper reference `def:MW' on page 32 undefined on input line 1415.


LaTeX Warning: Hyper reference `def:species-set' on page 32 undefined on input line 1425.


LaTeX Warning: Hyper reference `def:poly-set' on page 32 undefined on input line 1425.


LaTeX Warning: Hyper reference `def:species-set' on page 32 undefined on input line 1425.

[32]

LaTeX Warning: Hyper reference `def:Ymass' on page 33 undefined on input line 1438.


LaTeX Warning: Hyper reference `def:Rhat' on page 33 undefined on input line 1447.


LaTeX Warning: Hyper reference `def:MW' on page 33 undefined on input line 1447.


LaTeX Warning: Hyper reference `def:kB' on page 33 undefined on input line 1450.


LaTeX Warning: Hyper reference `def:Rhat' on page 33 undefined on input line 1453.


LaTeX Warning: Hyper reference `def:MW' on page 33 undefined on input line 1453.


LaTeX Warning: Hyper reference `def:poly-set' on page 33 undefined on input line 1459.


LaTeX Warning: Hyper reference `def:poly-set' on page 33 undefined on input line 1459.


LaTeX Warning: Hyper reference `def:Rhat' on page 33 undefined on input line 1459.


LaTeX Warning: Hyper reference `def:MW' on page 33 undefined on input line 1459.


LaTeX Warning: Hyper reference `def:Rhat' on page 33 undefined on input line 1468.


LaTeX Warning: Hyper reference `def:MW' on page 33 undefined on input line 1468.


LaTeX Warning: Hyper reference `def:heavies-set' on page 33 undefined on input line 1474.


LaTeX Warning: Hyper reference `def:Rhat' on page 33 undefined on input line 1474.


LaTeX Warning: Hyper reference `def:MW' on page 33 undefined on input line 1474.


LaTeX Warning: Hyper reference `def:Rhat' on page 33 undefined on input line 1481.


LaTeX Warning: Hyper reference `def:MW' on page 33 undefined on input line 1481.

[33]

LaTeX Warning: Hyper reference `eq:heat-form' on page 34 undefined on input line 1491.

c:/Users/frodo/Programs/PhD-Notes/notes.tex:1491: Double subscript.
l.1491 ...E_f^\circ = \sum_{s=1}^\text{NS} \hform_
                                                  {,s}
I treat `x_1_2' essentially like `x_1{}_2'.

[34]

LaTeX Warning: Reference `tab:1Tmodels' on page 35 undefined on input line 1522.


LaTeX Warning: Hyper reference `def:species-set' on page 35 undefined on input line 1542.


LaTeX Warning: Hyper reference `def:species-set' on page 35 undefined on input line 1542.

Package mdframed Info: mdframed detected package amsthm 
 changed the theorem header of amsthm
(mdframed)              on input line 1548.

LaTeX Warning: Hyper reference `def:species-set' on page 35 undefined on input line 1557.


LaTeX Warning: Hyper reference `def:species-set' on page 35 undefined on input line 1557.


LaTeX Warning: Hyper reference `def:species-set' on page 35 undefined on input line 1557.


LaTeX Warning: Hyper reference `def:species-set' on page 35 undefined on input line 1560.


LaTeX Warning: Hyper reference `def:species-set' on page 35 undefined on input line 1566.

[35]

LaTeX Warning: Hyper reference `def:species-set' on page 36 undefined on input line 1578.


LaTeX Warning: Hyper reference `def:Rbar' on page 36 undefined on input line 1600.


LaTeX Warning: Hyper reference `def:Rbar' on page 36 undefined on input line 1600.


LaTeX Warning: Hyper reference `def:Rbar' on page 36 undefined on input line 1600.


LaTeX Warning: Hyper reference `def:Rbar' on page 36 undefined on input line 1600.


LaTeX Warning: Hyper reference `def:Rbar' on page 36 undefined on input line 1600.


LaTeX Warning: Hyper reference `def:Rbar' on page 36 undefined on input line 1600.


LaTeX Warning: Hyper reference `def:Rbar' on page 36 undefined on input line 1600.


LaTeX Warning: Hyper reference `def:Rbar' on page 36 undefined on input line 1600.


LaTeX Warning: Hyper reference `def:Rbar' on page 36 undefined on input line 1600.


LaTeX Warning: Hyper reference `def:Rbar' on page 36 undefined on input line 1600.

[36]
Package mdframed Info: mdframed detected package amsthm 
 changed the theorem header of amsthm
(mdframed)              on input line 1630.
Package mdframed Info: mdframed detected package amsthm 
 changed the theorem header of amsthm
(mdframed)              on input line 1657.
 [37]
Package mdframed Info: mdframed detected package amsthm 
 changed the theorem header of amsthm
(mdframed)              on input line 1673.
Package mdframed Info: mdframed detected package amsthm 
 changed the theorem header of amsthm
(mdframed)              on input line 1685.
Package mdframed Info: mdframed detected package amsthm 
 changed the theorem header of amsthm
(mdframed)              on input line 1714.
Package mdframed Info: mdframed detected package amsthm 
 changed the theorem header of amsthm
(mdframed)              on input line 1726.
 [38]
Package mdframed Info: mdframed detected package amsthm 
 changed the theorem header of amsthm
(mdframed)              on input line 1742.
 [39] [40] [41]

LaTeX Warning: Reference `eq:reaction-example-1' on page 42 undefined on input line 1880.


LaTeX Warning: Reference `eq:reaction-example-1' on page 42 undefined on input line 1886.

[42]
Package mdframed Info: mdframed detected package amsthm 
 changed the theorem header of amsthm
(mdframed)              on input line 1931.


LaTeX Warning: Reference `eq:rate-relationship' on page 43 undefined on input line 1941.


LaTeX Warning: Hyper reference `def:kB' on page 43 undefined on input line 1944.


LaTeX Warning: Hyper reference `def:kB' on page 43 undefined on input line 1950.

Package mdframed Info: mdframed detected package amsthm 
 changed the theorem header of amsthm
(mdframed)              on input line 1958.

LaTeX Warning: Reference `shuffle' on page 43 undefined on input line 1976.


LaTeX Warning: Reference `dissrecomb' on page 43 undefined on input line 1976.

[43]
Package mdframed Info: mdframed detected package amsthm 
 changed the theorem header of amsthm
(mdframed)              on input line 1980.
Package mdframed Info: mdframed detected package amsthm 
 changed the theorem header of amsthm
(mdframed)              on input line 1992.
Package mdframed Info: mdframed detected package amsthm 
 changed the theorem header of amsthm
(mdframed)              on input line 2000.
Package mdframed Info: mdframed detected package amsthm 
 changed the theorem header of amsthm
(mdframed)              on input line 2012.


LaTeX Warning: Reference `efficiencies' on page 44 undefined on input line 2023.

[44]

Package caption Warning: The option `hypcap=true' will be ignored for this
(caption)                particular \caption on input line 2026.
See the caption package documentation for explanation.

[45] [46]

LaTeX Warning: Reference `eq:vib-relax' on page 47 undefined on input line 2121.


LaTeX Warning: Hyper reference `def:Xmol' on page 47 undefined on input line 2124.


LaTeX Warning: Hyper reference `def:Xmol' on page 47 undefined on input line 2124.


LaTeX Warning: Hyper reference `def:MW' on page 47 undefined on input line 2139.


LaTeX Warning: Hyper reference `def:MW' on page 47 undefined on input line 2139.


LaTeX Warning: Hyper reference `def:MW' on page 47 undefined on input line 2139.


LaTeX Warning: Hyper reference `def:MW' on page 47 undefined on input line 2139.


LaTeX Warning: Hyper reference `def:MW' on page 47 undefined on input line 2139.


LaTeX Warning: Hyper reference `def:MW' on page 47 undefined on input line 2139.


LaTeX Warning: Hyper reference `def:MW' on page 47 undefined on input line 2139.


LaTeX Warning: Hyper reference `def:MW' on page 47 undefined on input line 2139.


LaTeX Warning: Hyper reference `def:Rhat' on page 47 undefined on input line 2154.


LaTeX Warning: Hyper reference `def:MW' on page 47 undefined on input line 2154.


LaTeX Warning: Hyper reference `def:kB' on page 47 undefined on input line 2154.


LaTeX Warning: Hyper reference `def:Rhat' on page 47 undefined on input line 2154.


LaTeX Warning: Hyper reference `def:MW' on page 47 undefined on input line 2154.


LaTeX Warning: Hyper reference `def:kB' on page 47 undefined on input line 2154.

[47]

Package natbib Warning: Citation `candlerthesis' on page 48 undefined on input line 2161.


LaTeX Warning: Hyper reference `def:kB' on page 48 undefined on input line 2170.


LaTeX Warning: Hyper reference `def:Rhat' on page 48 undefined on input line 2176.


LaTeX Warning: Hyper reference `def:NA' on page 48 undefined on input line 2176.


LaTeX Warning: Hyper reference `def:MW' on page 48 undefined on input line 2176.


LaTeX Warning: Hyper reference `def:MW' on page 48 undefined on input line 2176.


LaTeX Warning: Hyper reference `def:NA' on page 48 undefined on input line 2182.


LaTeX Warning: Hyper reference `def:kB' on page 48 undefined on input line 2182.


LaTeX Warning: Hyper reference `def:MW' on page 48 undefined on input line 2182.


LaTeX Warning: Hyper reference `def:MW' on page 48 undefined on input line 2182.


LaTeX Warning: Hyper reference `def:Rhat' on page 48 undefined on input line 2191.


LaTeX Warning: Hyper reference `def:MW' on page 48 undefined on input line 2191.


Package natbib Warning: Citation `gnoffo1989' on page 48 undefined on input line 2191.


LaTeX Warning: Hyper reference `def:MW' on page 48 undefined on input line 2197.


LaTeX Warning: Hyper reference `def:kB' on page 48 undefined on input line 2203.


LaTeX Warning: Hyper reference `def:kB' on page 48 undefined on input line 2203.


LaTeX Warning: Hyper reference `def:electronCharge' on page 48 undefined on input line 2206.


LaTeX Warning: Hyper reference `def:electronCharge' on page 48 undefined on input line 2206.


LaTeX Warning: Hyper reference `def:electronCharge' on page 48 undefined on input line 2206.


LaTeX Warning: Hyper reference `def:electronCharge' on page 48 undefined on input line 2209.


LaTeX Warning: Hyper reference `def:eps0' on page 48 undefined on input line 2209.

[48]

LaTeX Warning: Hyper reference `def:kB' on page 49 undefined on input line 2215.


Package natbib Warning: Citation `gnoffo1989' on page 49 undefined on input line 2221.


LaTeX Warning: Reference `tab:el-neut-x-sec' on page 49 undefined on input line 2224.


Package natbib Warning: Citation `gnoffo1989' on page 49 undefined on input line 2239.


Package natbib Warning: Citation `gnoffo1989' on page 49 undefined on input line 2239.


Package natbib Warning: Citation `candler1988' on page 49 undefined on input line 2258.


Package natbib Warning: Citation `laporta2013' on page 49 undefined on input line 2270.

[49]

Package natbib Warning: Citation `laporta2016' on page 50 undefined on input line 2292.


LaTeX Warning: Reference `tab:o2-electron-constants' on page 50 undefined on input line 2298.


Package natbib Warning: Citation `laporta2016' on page 50 undefined on input line 2313.


Package natbib Warning: Citation `laporta2016' on page 50 undefined on input line 2313.

[50]

LaTeX Warning: Reference `tab:first-ion-energy' on page 51 undefined on input line 2333.


Package natbib Warning: Citation `gnoffo1989' on page 51 undefined on input line 2348.


Package natbib Warning: Citation `gnoffo1989' on page 51 undefined on input line 2348.


LaTeX Warning: Reference `tab:diss-energies' on page 51 undefined on input line 2372.


Package natbib Warning: Citation `gnoffo1989' on page 51 undefined on input line 2388.


Package natbib Warning: Citation `gnoffo1989' on page 51 undefined on input line 2388.

[51]

Package natbib Warning: Citation `gnoffo1989' on page 52 undefined on input line 2400.


Package natbib Warning: Citation `scogginsthesis' on page 52 undefined on input line 2403.


LaTeX Warning: Reference `sec:chem_source' on page 52 undefined on input line 2412.

Package mdframed Info: mdframed detected package amsthm 
 changed the theorem header of amsthm
(mdframed)              on input line 2425.
[52]

Package natbib Warning: Citation `gnoffo1989' on page 53 undefined on input line 2451.


Package natbib Warning: Citation `scogginsthesis' on page 53 undefined on input line 2455.


Package natbib Warning: Citation `candlerthesis' on page 53 undefined on input line 2459.

[53]

Package natbib Warning: Citation `gnoffo1989' on page 54 undefined on input line 2488.


Package natbib Warning: Citation `gnoffo1989' on page 54 undefined on input line 2496.


Package natbib Warning: Citation `gnoffo1989' on page 54 undefined on input line 2496.


LaTeX Warning: Reference `sec:vib-trans-relax' on page 54 undefined on input line 2505.


LaTeX Warning: Reference `sec:el-trans-relax' on page 54 undefined on input line 2506.


LaTeX Warning: Reference `sec:vib-chem-source' on page 54 undefined on input line 2507.

[54]

Package natbib Warning: Citation `candlerthesis' on page 55 undefined on input line 2527.


Package natbib Warning: Citation `candlerthesis' on page 55 undefined on input line 2527.


Overfull \hbox (3.18837pt too wide) detected at line 2527
 []$[]   [] \OT1/cmr/m/n/10 + [] = \OMS/cmsy/m/n/10 ^^@ [] ^^@ [] \OT1/cmr/m/n/10 + [] + [] + [] + []  []$ [][]  
 []


LaTeX Warning: Reference `sec:vib-trans-relax' on page 55 undefined on input line 2536.


LaTeX Warning: Reference `sec:vib-vib-relax' on page 55 undefined on input line 2537.


LaTeX Warning: Reference `sec:vib-el-relax' on page 55 undefined on input line 2538.


LaTeX Warning: Reference `sec:vib-chem-source' on page 55 undefined on input line 2539.


Package natbib Warning: Citation `gnoffo1989' on page 55 undefined on input line 2547.


Package natbib Warning: Citation `gnoffo1989' on page 55 undefined on input line 2547.

[55]

LaTeX Warning: Reference `sec:el-trans-relax' on page 56 undefined on input line 2557.


LaTeX Warning: Reference `sec:el_ion_source' on page 56 undefined on input line 2558.


LaTeX Warning: Reference `sec:vib-el-relax' on page 56 undefined on input line 2559.


Package natbib Warning: Citation `candlerthesis' on page 56 undefined on input line 2581.

[56]

LaTeX Warning: Reference `sec:el-trans-relax' on page 57 undefined on input line 2598.


LaTeX Warning: Reference `sec:vib-el-relax' on page 57 undefined on input line 2599.

[57] [58]

Package hyperref Warning: Difference (2) between bookmark levels is greater 
(hyperref)                than one, level fixed on input line 2648.


Package hyperref Warning: Token not allowed in a PDF string (Unicode):
(hyperref)                removing `math shift' on input line 2648.


Package hyperref Warning: Token not allowed in a PDF string (Unicode):
(hyperref)                removing `math shift' on input line 2648.


Package hyperref Warning: Token not allowed in a PDF string (Unicode):
(hyperref)                removing `math shift' on input line 2661.


Package hyperref Warning: Token not allowed in a PDF string (Unicode):
(hyperref)                removing `math shift' on input line 2661.


Package hyperref Warning: Token not allowed in a PDF string (Unicode):
(hyperref)                removing `math shift' on input line 2675.


Package hyperref Warning: Token not allowed in a PDF string (Unicode):
(hyperref)                removing `math shift' on input line 2675.

[59]

Package hyperref Warning: Token not allowed in a PDF string (Unicode):
(hyperref)                removing `math shift' on input line 2699.


Package hyperref Warning: Token not allowed in a PDF string (Unicode):
(hyperref)                removing `subscript' on input line 2699.


Package hyperref Warning: Token not allowed in a PDF string (Unicode):
(hyperref)                removing `math shift' on input line 2699.


Package hyperref Warning: Token not allowed in a PDF string (Unicode):
(hyperref)                removing `math shift' on input line 2732.


Package hyperref Warning: Token not allowed in a PDF string (Unicode):
(hyperref)                removing `subscript' on input line 2732.


Package hyperref Warning: Token not allowed in a PDF string (Unicode):
(hyperref)                removing `math shift' on input line 2732.

[60] [61] [62] [63]
Underfull \hbox (badness 10000) detected at line 2898
 []$[]   \OT1/cmr/m/n/10 = [] [][] [][]$ [][]  
 []


Underfull \hbox (badness 10000) detected at line 2911
 []$[]  []$ [][]  
 []

[64]
Underfull \hbox (badness 1931) detected at line 2944
 []$[]  [] \OT1/cmr/m/n/10 = [] [] [][] [][]$ [][]  
 []

[65] [66] [67] [68] [69] [70] [71]

Package natbib Warning: Citation `klomfass1996' on page 72 undefined on input line 3209.


LaTeX Warning: Reference `eq:DRNSE_ansatz' on page 72 undefined on input line 3236.


LaTeX Warning: Reference `eq:polar_div' on page 72 undefined on input line 3236.

[72] [73] [74] [75]

LaTeX Warning: Hyper reference `eq:rot-energy' on page 76 undefined on input line 3470.


LaTeX Warning: Hyper reference `eq:vib-energy' on page 76 undefined on input line 3470.


LaTeX Warning: Hyper reference `eq:el-e-energy' on page 76 undefined on input line 3470.


LaTeX Warning: Hyper reference `eq:kinetic-energy' on page 76 undefined on input line 3470.


LaTeX Warning: Hyper reference `eq:form-energy' on page 76 undefined on input line 3470.


LaTeX Warning: Hyper reference `eq:cvbar' on page 76 undefined on input line 3492.


LaTeX Warning: Hyper reference `eq:cvtbar' on page 76 undefined on input line 3492.

[76]

LaTeX Warning: Hyper reference `def:Rbar' on page 77 undefined on input line 3541.


LaTeX Warning: Hyper reference `eq:cvbar' on page 77 undefined on input line 3541.


LaTeX Warning: Hyper reference `def:Rbar' on page 77 undefined on input line 3541.


LaTeX Warning: Hyper reference `eq:cvbar' on page 77 undefined on input line 3541.


LaTeX Warning: Hyper reference `def:Rbar' on page 77 undefined on input line 3541.


LaTeX Warning: Hyper reference `eq:cvbar' on page 77 undefined on input line 3541.


LaTeX Warning: Hyper reference `def:Rbar' on page 77 undefined on input line 3541.


LaTeX Warning: Hyper reference `eq:cvbar' on page 77 undefined on input line 3541.


LaTeX Warning: Hyper reference `def:Rbar' on page 77 undefined on input line 3541.


LaTeX Warning: Hyper reference `eq:cvbar' on page 77 undefined on input line 3541.


LaTeX Warning: Hyper reference `def:Rbar' on page 77 undefined on input line 3541.


LaTeX Warning: Hyper reference `eq:cvbar' on page 77 undefined on input line 3541.


LaTeX Warning: Hyper reference `def:Rbar' on page 77 undefined on input line 3541.


LaTeX Warning: Hyper reference `eq:cvbar' on page 77 undefined on input line 3541.


LaTeX Warning: Hyper reference `def:Rbar' on page 77 undefined on input line 3541.


LaTeX Warning: Hyper reference `eq:cvbar' on page 77 undefined on input line 3541.


LaTeX Warning: Hyper reference `def:Rbar' on page 77 undefined on input line 3541.


LaTeX Warning: Hyper reference `eq:cvbar' on page 77 undefined on input line 3541.


LaTeX Warning: Hyper reference `def:Rbar' on page 77 undefined on input line 3541.


LaTeX Warning: Hyper reference `eq:cvbar' on page 77 undefined on input line 3541.


LaTeX Warning: Hyper reference `eq:cvbar' on page 77 undefined on input line 3549.


LaTeX Warning: Hyper reference `def:Rbar' on page 77 undefined on input line 3549.


LaTeX Warning: Hyper reference `eq:cvbar' on page 77 undefined on input line 3549.


LaTeX Warning: Hyper reference `def:Rbar' on page 77 undefined on input line 3549.


LaTeX Warning: Hyper reference `eq:cvbar' on page 77 undefined on input line 3549.


LaTeX Warning: Hyper reference `def:Rbar' on page 77 undefined on input line 3549.


LaTeX Warning: Hyper reference `eq:cvbar' on page 77 undefined on input line 3549.


LaTeX Warning: Hyper reference `def:Rbar' on page 77 undefined on input line 3549.

[77]

LaTeX Warning: Hyper reference `def:Rbar' on page 78 undefined on input line 3570.


LaTeX Warning: Hyper reference `eq:cvbar' on page 78 undefined on input line 3570.

[78]

LaTeX Warning: Hyper reference `def:Rbar' on page 79 undefined on input line 3659.


LaTeX Warning: Hyper reference `eq:cvbar' on page 79 undefined on input line 3659.


LaTeX Warning: Hyper reference `def:Rbar' on page 79 undefined on input line 3659.


LaTeX Warning: Hyper reference `eq:cvbar' on page 79 undefined on input line 3659.


LaTeX Warning: Hyper reference `def:Rbar' on page 79 undefined on input line 3659.


LaTeX Warning: Hyper reference `eq:cvbar' on page 79 undefined on input line 3659.


LaTeX Warning: Hyper reference `def:Rbar' on page 79 undefined on input line 3660.


LaTeX Warning: Hyper reference `eq:cvbar' on page 79 undefined on input line 3660.


LaTeX Warning: Hyper reference `def:Rbar' on page 79 undefined on input line 3660.


LaTeX Warning: Hyper reference `eq:cvbar' on page 79 undefined on input line 3660.


LaTeX Warning: Hyper reference `def:Rbar' on page 79 undefined on input line 3660.


LaTeX Warning: Hyper reference `eq:cvbar' on page 79 undefined on input line 3660.

[79] [80]

LaTeX Warning: Hyper reference `eq:cvbar' on page 81 undefined on input line 3750.


LaTeX Warning: Hyper reference `eq:cvbar' on page 81 undefined on input line 3750.


LaTeX Warning: Hyper reference `eq:cvbar' on page 81 undefined on input line 3750.


LaTeX Warning: Hyper reference `eq:cvbar' on page 81 undefined on input line 3750.


LaTeX Warning: Hyper reference `eq:cvbar' on page 81 undefined on input line 3750.


LaTeX Warning: Hyper reference `eq:cvbar' on page 81 undefined on input line 3750.


LaTeX Warning: Hyper reference `eq:cvbar' on page 81 undefined on input line 3750.


LaTeX Warning: Hyper reference `eq:cvbar' on page 81 undefined on input line 3750.

[81]

LaTeX Warning: Hyper reference `def:Rbar' on page 82 undefined on input line 3865.


LaTeX Warning: Hyper reference `eq:cvbar' on page 82 undefined on input line 3865.


LaTeX Warning: Hyper reference `def:Rbar' on page 82 undefined on input line 3865.


LaTeX Warning: Hyper reference `eq:cvbar' on page 82 undefined on input line 3865.


LaTeX Warning: Hyper reference `def:Rbar' on page 82 undefined on input line 3865.


LaTeX Warning: Hyper reference `eq:cvbar' on page 82 undefined on input line 3865.


LaTeX Warning: Hyper reference `def:Rbar' on page 82 undefined on input line 3866.


LaTeX Warning: Hyper reference `eq:cvbar' on page 82 undefined on input line 3866.


LaTeX Warning: Hyper reference `def:Rbar' on page 82 undefined on input line 3866.


LaTeX Warning: Hyper reference `eq:cvbar' on page 82 undefined on input line 3866.


LaTeX Warning: Hyper reference `def:Rbar' on page 82 undefined on input line 3866.


LaTeX Warning: Hyper reference `eq:cvbar' on page 82 undefined on input line 3866.

[82]
Overfull \hbox (11.64589pt too wide) detected at line 3901
[][] \OT1/cmr/m/n/10 = \OMS/cmsy/m/n/10 ^^@[] []
 []

[83] [84] [85] [86]
Overfull \hbox (12.97365pt too wide) detected at line 4065
[]
 []

[87]
Overfull \hbox (12.97365pt too wide) detected at line 4101
[]
 []

[88] [89] [90] [91]
No file notes.bbl.

Package natbib Warning: There were undefined citations.

(./notes.aux)
 ***********
LaTeX2e <2025-11-01>
L3 programming layer <2025-11-14>
 ***********


LaTeX Warning: There were undefined references.


LaTeX Warning: Label(s) may have changed. Rerun to get cross-references right.


Package rerunfilecheck Warning: File `notes.out' has changed.
(rerunfilecheck)                Rerun to get outlines right
(rerunfilecheck)                or use package `bookmark'.

Package rerunfilecheck Info: Checksums for `notes.out':
(rerunfilecheck)             Before: <no file>
(rerunfilecheck)             After:  8A93F1E81AD812150C33E5486E0758BE;25789.
 ) 
Here is how much of TeX's memory you used:
 34711 strings out of 469476
 677147 string characters out of 5469260
 1143751 words of memory out of 5000000
 62035 multiletter control sequences out of 15000+600000
 654644 words of font info for 114 fonts, out of 8000000 for 9000
 36 hyphenation exceptions out of 8191
 125i,20n,121p,939b,2054s stack positions out of 10000i,1000n,20000p,200000b,200000s
<c:/texlive/2025/texmf-dist/fonts/type1/public/amsfonts/cm/cmbx10.pfb><c:/texlive/2025/texmf-dist/fonts/type1/public/amsfonts/cm/cmbx7.pfb><c:/texlive/2025/texmf-dist/fonts/type1/public/amsfonts/cm/cmex10.pfb><c:/texlive/2025/texmf-dist/fonts/type1/public/amsfonts/cmextra/cmex7.pfb><c:/texlive/2025/texmf-dist/fonts/type1/public/amsfonts/cm/cmmi10.pfb><c:/texlive/2025/texmf-dist/fonts/type1/public/amsfonts/cm/cmmi12.pfb><c:/texlive/2025/texmf-dist/fonts/type1/public/amsfonts/cm/cmmi5.pfb><c:/texlive/2025/texmf-dist/fonts/type1/public/amsfonts/cm/cmmi7.pfb><c:/texlive/2025/texmf-dist/fonts/type1/public/amsfonts/cm/cmmi8.pfb><c:/texlive/2025/texmf-dist/fonts/type1/public/amsfonts/cm/cmmib10.pfb><c:/texlive/2025/texmf-dist/fonts/type1/public/amsfonts/cmextra/cmmib7.pfb><c:/texlive/2025/texmf-dist/fonts/type1/public/amsfonts/cm/cmr10.pfb><c:/texlive/2025/texmf-dist/fonts/type1/public/amsfonts/cm/cmr5.pfb><c:/texlive/2025/texmf-dist/fonts/type1/public/amsfonts/cm/cmr7.pfb><c:/texlive/2025/texmf-dist/fonts/type1/public/amsfonts/cm/cmr8.pfb><c:/texlive/2025/texmf-dist/fonts/type1/public/amsfonts/cm/cmsy10.pfb><c:/texlive/2025/texmf-dist/fonts/type1/public/amsfonts/cm/cmsy5.pfb><c:/texlive/2025/texmf-dist/fonts/type1/public/amsfonts/cm/cmsy7.pfb><c:/texlive/2025/texmf-dist/fonts/type1/public/amsfonts/symbols/msam10.pfb><c:/texlive/2025/texmf-dist/fonts/type1/urw/courier/ucrr8a.pfb><c:/texlive/2025/texmf-dist/fonts/type1/urw/palatino/uplb8a.pfb><c:/texlive/2025/texmf-dist/fonts/type1/urw/palatino/uplbi8a.pfb><c:/texlive/2025/texmf-dist/fonts/type1/urw/palatino/uplr8a.pfb><c:/texlive/2025/texmf-dist/fonts/type1/urw/palatino/uplri8a.pfb><c:/texlive/2025/texmf-dist/fonts/type1/urw/zapfding/uzdr.pfb>
Output written on notes.pdf (92 pages, 590960 bytes).
PDF statistics:
 1359 PDF objects out of 1440 (max. 8388607)
 1202 compressed objects within 13 object streams
 762 named destinations out of 1000 (max. 500000)
 13 words of extra memory for PDF output out of 10000 (max. 10000000)

