\BOOKMARK [1][]{Doc-Start}{\376\377\000N\000o\000m\000e\000n\000c\000l\000a\000t\000u\000r\000e}{}% 1
\BOOKMARK [1][]{section.1}{\376\377\0001\000\040\000T\000h\000e\000r\000m\000o\000d\000y\000n\000a\000m\000i\000c\000s}{}% 2
\BOOKMARK [2][]{subsection.1.1}{\376\377\0001\000.\0001\000\040\000D\000e\000f\000i\000n\000i\000t\000i\000o\000n\000s}{section.1}% 3
\BOOKMARK [2][]{subsection.1.2}{\376\377\0001\000.\0002\000\040\000E\000q\000u\000a\000t\000i\000o\000n\000s}{section.1}% 4
\BOOKMARK [3][]{subsubsection.1.2.1}{\376\377\0001\000.\0002\000.\0001\000\040\000E\000q\000u\000a\000t\000i\000o\000n\000s\000\040\000o\000f\000\040\000s\000t\000a\000t\000e}{subsection.1.2}% 5
\BOOKMARK [1][]{section.2}{\376\377\0002\000\040\000S\000t\000a\000t\000i\000s\000t\000i\000c\000a\000l\000\040\000t\000h\000e\000r\000m\000o\000d\000y\000n\000a\000m\000i\000c\000s}{}% 6
\BOOKMARK [2][]{subsection.2.1}{\376\377\0002\000.\0001\000\040\000E\000l\000e\000c\000t\000r\000o\000n\000i\000c\000\040\000e\000n\000e\000r\000g\000i\000e\000s}{section.2}% 7
\BOOKMARK [2][]{subsection.2.2}{\376\377\0002\000.\0002\000\040\000D\000i\000a\000t\000o\000m\000i\000c\000\040\000i\000n\000t\000e\000r\000n\000a\000l\000\040\000e\000n\000e\000r\000g\000i\000e\000s}{section.2}% 8
\BOOKMARK [1][]{section.3}{\376\377\0003\000\040\000H\000i\000g\000h\000\040\000T\000e\000m\000p\000e\000r\000a\000t\000u\000r\000e\000\040\000T\000r\000a\000n\000s\000p\000o\000r\000t\000\040\000M\000o\000d\000e\000l\000s}{}% 9
\BOOKMARK [2][]{subsection.3.1}{\376\377\0003\000.\0001\000\040\000C\000o\000l\000l\000i\000s\000i\000o\000n\000\040\000i\000n\000t\000e\000g\000r\000a\000l\000\040\000d\000e\000f\000i\000n\000i\000t\000i\000o\000n\000s}{section.3}% 10
\BOOKMARK [2][]{subsection.3.2}{\376\377\0003\000.\0002\000\040\000T\000r\000a\000n\000s\000p\000o\000r\000t\000\040\000p\000r\000o\000p\000e\000r\000t\000i\000e\000s\000\040\000o\000f\000\040\000a\000\040\000s\000i\000n\000g\000l\000e\000\040\000s\000p\000e\000c\000i\000e\000s}{section.3}% 11
\BOOKMARK [2][]{subsection.3.3}{\376\377\0003\000.\0003\000\040\000T\000r\000a\000n\000s\000p\000o\000r\000t\000\040\000p\000r\000o\000p\000e\000r\000t\000i\000e\000s\000\040\000o\000f\000\040\000a\000\040\000m\000i\000x\000t\000u\000r\000e}{section.3}% 12
\BOOKMARK [1][]{section.4}{\376\377\0004\000\040\000C\000h\000e\000m\000i\000c\000a\000l\000\040\000R\000a\000t\000e\000\040\000K\000i\000n\000e\000t\000i\000c\000s}{}% 13
\BOOKMARK [2][]{subsection.4.1}{\376\377\0004\000.\0001\000\040\000R\000a\000t\000e\000\040\000e\000q\000u\000a\000t\000i\000o\000n\000s}{section.4}% 14
\BOOKMARK [2][]{subsection.4.2}{\376\377\0004\000.\0002\000\040\000R\000e\000a\000c\000t\000i\000o\000n\000\040\000T\000y\000p\000e\000s}{section.4}% 15
\BOOKMARK [2][]{subsection.4.3}{\376\377\0004\000.\0003\000\040\000E\000x\000a\000m\000p\000l\000e\000\040\000r\000a\000t\000e\000\040\000e\000q\000u\000a\000t\000i\000o\000n\000\040\000s\000o\000l\000u\000t\000i\000o\000n}{section.4}% 16
\BOOKMARK [1][]{section.5}{\376\377\0005\000\040\000I\000n\000t\000e\000r\000n\000a\000l\000\040\000e\000n\000e\000r\000g\000y\000\040\000r\000e\000l\000a\000x\000a\000t\000i\000o\000n}{}% 17
\BOOKMARK [2][]{subsection.5.1}{\376\377\0005\000.\0001\000\040\000T\000r\000a\000n\000s\000l\000a\000t\000i\000o\000n\000a\000l\000-\000V\000i\000b\000r\000a\000t\000i\000o\000n\000a\000l\000\040\000r\000e\000l\000a\000x\000a\000t\000i\000o\000n}{section.5}% 18
\BOOKMARK [2][]{subsection.5.2}{\376\377\0005\000.\0002\000\040\000C\000h\000e\000m\000i\000c\000a\000l\000-\000V\000i\000b\000r\000a\000t\000i\000o\000n\000a\000l\000\040\000r\000e\000l\000a\000x\000a\000t\000i\000o\000n}{section.5}% 19
\BOOKMARK [1][]{section.6}{\376\377\0006\000\040\000C\000h\000e\000m\000i\000c\000a\000l\000\040\000E\000q\000u\000i\000l\000i\000b\000r\000i\000u\000m\000\040\000C\000F\000D}{}% 20
\BOOKMARK [2][]{subsection.6.1}{\376\377\0006\000.\0001\000\040\000M\000i\000n\000i\000m\000i\000z\000a\000t\000i\000o\000n\000\040\000P\000r\000o\000c\000e\000d\000u\000r\000e\000s}{section.6}% 21
\BOOKMARK [3][]{subsubsection.6.1.1}{\376\377\0006\000.\0001\000.\0001\000\040\000C\000o\000n\000s\000t\000r\000a\000i\000n\000t\000s\000\040\000f\000o\000r\000\040\000B\000o\000t\000h\000\040\000P\000r\000o\000c\000e\000d\000u\000r\000e\000s}{subsection.6.1}% 22
\BOOKMARK [3][]{subsubsection.6.1.2}{\376\377\0006\000.\0001\000.\0002\000\040\000T\000h\000e\000\040\000L\000a\000g\000r\000a\000n\000g\000i\000a\000n}{subsection.6.1}% 23
\BOOKMARK [3][]{subsubsection.6.1.3}{\376\377\0006\000.\0001\000.\0003\000\040\000N\000e\000w\000t\000o\000n\000-\000R\000a\000p\000h\000s\000o\000n\000\040\000I\000t\000e\000r\000a\000t\000i\000v\000e\000\040\000M\000e\000t\000h\000o\000d}{subsection.6.1}% 24
\BOOKMARK [3][]{subsubsection.6.1.4}{\376\377\0006\000.\0001\000.\0004\000\040\000G\000i\000b\000b\000s\000\040\000M\000i\000n\000i\000m\000i\000z\000a\000t\000i\000o\000n}{subsection.6.1}% 25
\BOOKMARK [3][]{subsubsection.6.1.5}{\376\377\0006\000.\0001\000.\0005\000\040\000C\000o\000n\000s\000t\000r\000a\000i\000n\000t\000s}{subsection.6.1}% 26
\BOOKMARK [3][]{subsubsection.6.1.6}{\376\377\0006\000.\0001\000.\0006\000\040\000D\000e\000r\000i\000v\000a\000t\000i\000v\000e\000s}{subsection.6.1}% 27
\BOOKMARK [3][]{subsubsection.6.1.7}{\376\377\0006\000.\0001\000.\0007\000\040\000D\000e\000r\000i\000v\000a\000t\000i\000v\000e\000s\000\040\000o\000f\000\040\000f\0001}{subsection.6.1}% 28
\BOOKMARK [3][]{subsubsection.6.1.8}{\376\377\0006\000.\0001\000.\0008\000\040\000D\000e\000r\000i\000v\000a\000t\000i\000v\000e\000s\000\040\000o\000f\000\040\000f\0002}{subsection.6.1}% 29
\BOOKMARK [3][]{subsubsection.6.1.9}{\376\377\0006\000.\0001\000.\0009\000\040\000D\000e\000r\000i\000v\000a\000t\000i\000v\000e\000s\000\040\000o\000f\000\040\000f\0003}{subsection.6.1}% 30
\BOOKMARK [3][]{subsubsection.6.1.10}{\376\377\0006\000.\0001\000.\0001\0000\000\040\000D\000e\000r\000i\000v\000a\000t\000i\000v\000e\000s\000\040\000o\000f\000\040\000f\0004}{subsection.6.1}% 31
\BOOKMARK [3][]{subsubsection.6.1.11}{\376\377\0006\000.\0001\000.\0001\0001\000\040\000D\000e\000r\000i\000v\000a\000t\000i\000v\000e\000s\000\040\000o\000f\000\040\000f\0005}{subsection.6.1}% 32
\BOOKMARK [3][]{subsubsection.6.1.12}{\376\377\0006\000.\0001\000.\0001\0002\000\040\000D\000e\000r\000i\000v\000a\000t\000i\000v\000e\000s\000\040\000o\000f\000\040\000f\0006}{subsection.6.1}% 33
\BOOKMARK [3][]{subsubsection.6.1.13}{\376\377\0006\000.\0001\000.\0001\0003\000\040\000R\000e\000d\000u\000c\000e\000d\000\040\000G\000i\000b\000b\000s\000\040\000E\000q\000u\000a\000t\000i\000o\000n\000s}{subsection.6.1}% 34
\BOOKMARK [3][]{subsubsection.6.1.14}{\376\377\0006\000.\0001\000.\0001\0004\000\040\000H\000e\000l\000m\000h\000o\000l\000t\000z\000\040\000M\000i\000n\000i\000m\000i\000z\000a\000t\000i\000o\000n}{subsection.6.1}% 35
\BOOKMARK [3][]{subsubsection.6.1.15}{\376\377\0006\000.\0001\000.\0001\0005\000\040\000C\000o\000n\000s\000t\000r\000a\000i\000n\000t\000s}{subsection.6.1}% 36
\BOOKMARK [3][]{subsubsection.6.1.16}{\376\377\0006\000.\0001\000.\0001\0006\000\040\000D\000e\000r\000i\000v\000a\000t\000i\000v\000e\000s}{subsection.6.1}% 37
\BOOKMARK [3][]{subsubsection.6.1.17}{\376\377\0006\000.\0001\000.\0001\0007\000\040\000D\000e\000r\000i\000v\000a\000t\000i\000v\000e\000s\000\040\000f\000o\000r\000\040\000f\0001}{subsection.6.1}% 38
\BOOKMARK [3][]{subsubsection.6.1.18}{\376\377\0006\000.\0001\000.\0001\0008\000\040\000D\000e\000r\000i\000v\000a\000t\000i\000v\000e\000s\000\040\000f\000o\000r\000\040\000f\0002}{subsection.6.1}% 39
\BOOKMARK [3][]{subsubsection.6.1.19}{\376\377\0006\000.\0001\000.\0001\0009\000\040\000D\000e\000r\000i\000v\000a\000t\000i\000v\000e\000s\000\040\000f\000o\000r\000\040\000f\0003}{subsection.6.1}% 40
\BOOKMARK [3][]{subsubsection.6.1.20}{\376\377\0006\000.\0001\000.\0002\0000\000\040\000D\000e\000r\000i\000v\000a\000t\000i\000v\000e\000s\000\040\000f\000o\000r\000\040\000f\0004}{subsection.6.1}% 41
\BOOKMARK [3][]{subsubsection.6.1.21}{\376\377\0006\000.\0001\000.\0002\0001\000\040\000D\000e\000r\000i\000v\000a\000t\000i\000v\000e\000s\000\040\000f\000o\000r\000\040\000f\0005}{subsection.6.1}% 42
\BOOKMARK [3][]{subsubsection.6.1.22}{\376\377\0006\000.\0001\000.\0002\0002\000\040\000R\000e\000d\000u\000c\000e\000d\000\040\000H\000e\000l\000m\000h\000o\000l\000t\000z\000\040\000E\000q\000u\000a\000t\000i\000o\000n\000s}{subsection.6.1}% 43
\BOOKMARK [2][]{subsection.6.2}{\376\377\0006\000.\0002\000\040\000T\000h\000e\000r\000m\000o\000d\000y\000n\000a\000m\000i\000c\000\040\000D\000e\000r\000i\000v\000a\000t\000i\000v\000e\000s}{section.6}% 44
\BOOKMARK [3][]{subsubsection.6.2.1}{\376\377\0006\000.\0002\000.\0001\000\040\000B\000a\000s\000e\000\040\000e\000q\000u\000a\000t\000i\000o\000n\000s\000\040\000a\000n\000d\000\040\000d\000e\000r\000i\000v\000a\000t\000i\000v\000e\000s\000:}{subsection.6.2}% 45
\BOOKMARK [3][]{subsubsection.6.2.2}{\376\377\0006\000.\0002\000.\0002\000\040\000N\000o\000t\000e\000s\000\040\000o\000n\000\040\000d\000e\000r\000i\000v\000a\000t\000i\000v\000e\000s\000\040\000a\000n\000d\000\040\000B\000r\000i\000d\000g\000m\000a\000n\000n\000\040\000t\000a\000b\000l\000e\000s}{subsection.6.2}% 46
\BOOKMARK [3][]{subsubsection.6.2.3}{\376\377\0006\000.\0002\000.\0003\000\040\000T\000e\000m\000p\000e\000r\000a\000t\000u\000r\000e\000\040\000d\000e\000r\000i\000v\000a\000t\000i\000v\000e\000s\000\040\000a\000n\000d\000\040\000c\000p}{subsection.6.2}% 47
\BOOKMARK [3][]{subsubsection.6.2.4}{\376\377\0006\000.\0002\000.\0004\000\040\000P\000r\000e\000s\000s\000u\000r\000e\000\040\000d\000e\000r\000i\000v\000a\000t\000i\000v\000e\000s}{subsection.6.2}% 48
\BOOKMARK [3][]{subsubsection.6.2.5}{\376\377\0006\000.\0002\000.\0005\000\040\000C\000F\000D\000\040\000d\000e\000r\000i\000v\000a\000t\000i\000v\000e\000s}{subsection.6.2}% 49
\BOOKMARK [2][]{subsection.6.3}{\376\377\0006\000.\0003\000\040\000S\000t\000a\000n\000d\000a\000r\000d\000\040\000S\000t\000a\000t\000e\000\040\000C\000h\000e\000m\000i\000c\000a\000l\000\040\000P\000o\000t\000e\000n\000t\000i\000a\000l\000\040\000D\000e\000r\000i\000v\000a\000t\000i\000v\000e\000s}{section.6}% 50
\BOOKMARK [3][]{subsubsection.6.3.1}{\376\377\0006\000.\0003\000.\0001\000\040\000U\000s\000e\000f\000u\000l\000\040\000R\000e\000l\000a\000t\000i\000o\000n\000s\000h\000i\000p\000s}{subsection.6.3}% 51
\BOOKMARK [3][]{subsubsection.6.3.2}{\376\377\0006\000.\0003\000.\0002\000\040\000G\000i\000b\000b\000s\000\040\000D\000e\000r\000i\000v\000a\000t\000i\000v\000e}{subsection.6.3}% 52
\BOOKMARK [2][]{subsection.6.4}{\376\377\0006\000.\0004\000\040\000H\000e\000l\000m\000h\000o\000l\000t\000z\000\040\000D\000e\000r\000i\000v\000a\000t\000i\000v\000e}{section.6}% 53
\BOOKMARK [1][]{section.7}{\376\377\0007\000\040\000T\000h\000e\000r\000m\000o\000c\000h\000e\000m\000i\000c\000a\000l\000\040\000N\000o\000n\000e\000q\000u\000i\000l\000i\000b\000r\000i\000u\000m\000\040\000C\000F\000D}{}% 54
\BOOKMARK [2][]{subsection.7.1}{\376\377\0007\000.\0001\000\040\000S\000p\000e\000c\000i\000e\000s\000\040\000c\000o\000n\000s\000e\000r\000v\000a\000t\000i\000o\000n\000\040\000e\000q\000u\000a\000t\000i\000o\000n}{section.7}% 55
\BOOKMARK [2][]{subsection.7.2}{\376\377\0007\000.\0002\000\040\000T\000o\000t\000a\000l\000\040\000c\000o\000n\000t\000i\000n\000u\000i\000t\000y\000\040\000e\000q\000u\000a\000t\000i\000o\000n}{section.7}% 56
\BOOKMARK [2][]{subsection.7.3}{\376\377\0007\000.\0003\000\040\000M\000i\000x\000t\000u\000r\000e\000\040\000m\000o\000m\000e\000n\000t\000u\000m\000\040\000c\000o\000n\000s\000e\000r\000v\000a\000t\000i\000o\000n}{section.7}% 57
\BOOKMARK [2][]{subsection.7.4}{\376\377\0007\000.\0004\000\040\000V\000i\000b\000r\000a\000t\000i\000o\000n\000a\000l\000\040\000e\000n\000e\000r\000g\000y\000\040\000c\000o\000n\000s\000e\000r\000v\000a\000t\000i\000o\000n}{section.7}% 58
\BOOKMARK [2][]{subsection.7.5}{\376\377\0007\000.\0005\000\040\000E\000l\000e\000c\000t\000r\000o\000n\000\040\000a\000n\000d\000\040\000e\000l\000e\000c\000t\000r\000o\000n\000i\000c\000\040\000e\000x\000c\000i\000t\000a\000t\000i\000o\000n\000\040\000e\000n\000e\000r\000g\000y\000\040\000c\000o\000n\000s\000e\000r\000v\000a\000t\000i\000o\000n}{section.7}% 59
\BOOKMARK [2][]{subsection.7.6}{\376\377\0007\000.\0006\000\040\000T\000o\000t\000a\000l\000\040\000e\000n\000e\000r\000g\000y\000\040\000c\000o\000n\000s\000e\000r\000v\000a\000t\000i\000o\000n}{section.7}% 60
\BOOKMARK [2][]{subsection.7.7}{\376\377\0007\000.\0007\000\040\000T\000w\000o\000\040\000t\000e\000m\000p\000e\000r\000a\000t\000u\000r\000e\000\040\000m\000o\000d\000e\000l}{section.7}% 61
\BOOKMARK [2][]{subsection.7.8}{\376\377\0007\000.\0008\000\040\000D\000e\000r\000i\000v\000a\000t\000i\000v\000e\000s}{section.7}% 62
\BOOKMARK [3][]{subsubsection.7.8.1}{\376\377\0007\000.\0008\000.\0001\000\040\000P\000a\000r\000t\000i\000a\000l\000\040\000d\000e\000r\000i\000v\000a\000t\000i\000v\000e\000s\000\040\000o\000f\000\040\000p\000r\000e\000s\000s\000u\000r\000e\000\040\000\050\000P\000\051}{subsection.7.8}% 63
\BOOKMARK [3][]{subsubsection.7.8.2}{\376\377\0007\000.\0008\000.\0002\000\040\000P\000a\000r\000t\000i\000a\000l\000\040\000d\000e\000r\000i\000v\000a\000t\000i\000v\000e\000s\000\040\000o\000f\000\040\000t\000o\000t\000a\000l\000\040\000e\000n\000e\000r\000g\000y\000\040\000\050\000E\000\051}{subsection.7.8}% 64
\BOOKMARK [3][]{subsubsection.7.8.3}{\376\377\0007\000.\0008\000.\0003\000\040\000P\000a\000r\000t\000i\000a\000l\000\040\000d\000e\000r\000i\000v\000a\000t\000i\000v\000e\000s\000\040\000o\000f\000\040\000T}{subsection.7.8}% 65
\BOOKMARK [3][]{subsubsection.7.8.4}{\376\377\0007\000.\0008\000.\0004\000\040\000P\000a\000r\000t\000i\000a\000l\000\040\000d\000e\000r\000i\000v\000a\000t\000i\000v\000e\000s\000\040\000o\000f\000\040\000v\000i\000b\000r\000a\000t\000i\000o\000n\000a\000l\000\040\000t\000e\000m\000p\000e\000r\000a\000t\000u\000r\000e\000\040\000\050\000T\000v\000\051}{subsection.7.8}% 66
\BOOKMARK [3][]{subsubsection.7.8.5}{\376\377\0007\000.\0008\000.\0005\000\040\000P\000a\000r\000t\000i\000a\000l\000\040\000d\000e\000r\000i\000v\000a\000t\000i\000v\000e\000s\000\040\000o\000f\000\040\000v\000i\000b\000r\000a\000t\000i\000o\000n\000a\000l\000\040\000e\000n\000e\000r\000g\000y\000\040\000\050\000e\000v\000s\000\051}{subsection.7.8}% 67
\BOOKMARK [2][]{subsection.7.9}{\376\377\0007\000.\0009\000\040\000J\000a\000c\000o\000b\000i\000a\000n\000s}{section.7}% 68
\BOOKMARK [3][]{subsubsection.7.9.1}{\376\377\0007\000.\0009\000.\0001\000\040\000F\000l\000u\000x\000\040\000J\000a\000c\000o\000b\000i\000a\000n\000s}{subsection.7.9}% 69
\BOOKMARK [3][]{subsubsection.7.9.2}{\376\377\0007\000.\0009\000.\0002\000\040\000S\000o\000u\000r\000c\000e\000\040\000t\000e\000r\000m\000\040\000J\000a\000c\000o\000b\000i\000a\000n\000s\000\040\000-\000\040\000T\000h\000i\000r\000d\000\040\000b\000o\000d\000y\000\040\000r\000e\000a\000c\000t\000i\000o\000n\000s}{subsection.7.9}% 70
\BOOKMARK [3][]{subsubsection.7.9.3}{\376\377\0007\000.\0009\000.\0003\000\040\000S\000o\000u\000r\000c\000e\000\040\000t\000e\000r\000m\000\040\000J\000a\000c\000o\000b\000i\000a\000n\000s\000\040\000-\000\040\000N\000o\000r\000m\000a\000l\000\040\000r\000e\000a\000c\000t\000i\000o\000n\000s}{subsection.7.9}% 71
\BOOKMARK [3][]{subsubsection.7.9.4}{\376\377\0007\000.\0009\000.\0004\000\040\000S\000o\000u\000r\000c\000e\000\040\000t\000e\000r\000m\000\040\000J\000a\000c\000o\000b\000i\000a\000n\000s\000\040\000-\000\040\000V\000i\000b\000r\000a\000t\000i\000o\000n\000a\000l\000\040\000r\000e\000l\000a\000x\000a\000t\000i\000o\000n}{subsection.7.9}% 72
\BOOKMARK [3][]{subsubsection.7.9.5}{\376\377\0007\000.\0009\000.\0005\000\040\000E\000x\000p\000l\000i\000c\000i\000t\000\040\0000\000D\000\040\000R\000e\000a\000c\000t\000o\000r}{subsection.7.9}% 73
\BOOKMARK [3][]{subsubsection.7.9.6}{\376\377\0007\000.\0009\000.\0006\000\040\000I\000m\000p\000l\000i\000c\000i\000t\000\040\0000\000D\000\040\000R\000e\000a\000c\000t\000o\000r}{subsection.7.9}% 74
\BOOKMARK [1][]{section.8}{\376\377\0008\000\040\000S\000t\000a\000g\000n\000a\000t\000i\000o\000n\000\040\000L\000i\000n\000e\000\040\000S\000o\000l\000v\000e\000r\000\040\000f\000o\000r\000\040\000N\000o\000n\000e\000q\000u\000i\000l\000i\000b\000i\000r\000u\000m\000\040\000F\000l\000o\000w}{}% 75
\BOOKMARK [2][]{subsection.8.1}{\376\377\0008\000.\0001\000\040\000J\000a\000c\000o\000b\000i\000a\000n\000s}{section.8}% 76
\BOOKMARK [3][]{subsubsection.8.1.1}{\376\377\0008\000.\0001\000.\0001\000\040\000C\000o\000n\000v\000e\000c\000t\000i\000v\000e\000\040\000F\000l\000u\000x\000\040\000J\000a\000c\000o\000b\000i\000a\000n\000s}{subsection.8.1}% 77
\BOOKMARK [3][]{subsubsection.8.1.2}{\376\377\0008\000.\0001\000.\0002\000\040\000D\000i\000f\000f\000u\000s\000i\000v\000e\000\040\000F\000l\000u\000x\000\040\000J\000a\000c\000o\000b\000i\000a\000n\000s}{subsection.8.1}% 78
\BOOKMARK [3][]{subsubsection.8.1.3}{\376\377\0008\000.\0001\000.\0003\000\040\000S\000o\000u\000r\000c\000e\000\040\000J\000a\000c\000o\000b\000i\000a\000n\000s}{subsection.8.1}% 79
\BOOKMARK [2][]{subsection.8.2}{\376\377\0008\000.\0002\000\040\000B\000o\000u\000n\000d\000a\000r\000y\000\040\000C\000o\000n\000d\000i\000t\000i\000o\000n\000s}{section.8}% 80
\BOOKMARK [3][]{subsubsection.8.2.1}{\376\377\0008\000.\0002\000.\0001\000\040\000I\000n\000v\000i\000s\000c\000i\000d\000\040\000E\000x\000p\000l\000i\000c\000i\000t\000\040\000B\000o\000u\000n\000d\000a\000r\000y\000\040\000C\000o\000n\000d\000i\000t\000i\000o\000n\000s}{subsection.8.2}% 81
\BOOKMARK [3][]{subsubsection.8.2.2}{\376\377\0008\000.\0002\000.\0002\000\040\000V\000i\000s\000c\000o\000u\000s\000\040\000E\000x\000p\000l\000i\000c\000i\000t\000\040\000B\000o\000u\000n\000d\000a\000r\000y\000\040\000C\000o\000n\000d\000i\000t\000i\000o\000n\000s}{subsection.8.2}% 82
\BOOKMARK [3][]{subsubsection.8.2.3}{\376\377\0008\000.\0002\000.\0003\000\040\000I\000n\000v\000i\000s\000c\000i\000d\000\040\000I\000m\000p\000l\000i\000c\000i\000t\000\040\000B\000o\000u\000n\000d\000a\000r\000y\000\040\000C\000o\000n\000d\000i\000t\000i\000o\000n\000s}{subsection.8.2}% 83
\BOOKMARK [3][]{subsubsection.8.2.4}{\376\377\0008\000.\0002\000.\0004\000\040\000V\000i\000s\000c\000o\000u\000s\000\040\000I\000m\000p\000l\000i\000c\000i\000t\000\040\000B\000o\000u\000n\000d\000a\000r\000y\000\040\000C\000o\000n\000d\000i\000t\000i\000o\000n\000s}{subsection.8.2}% 84
\BOOKMARK [2][]{subsection.8.3}{\376\377\0008\000.\0003\000\040\000S\000o\000l\000v\000i\000n\000g\000\040\000t\000h\000e\000\040\000s\000y\000s\000t\000e\000m\000\040\000o\000f\000\040\000e\000q\000u\000a\000t\000i\000o\000n\000s}{section.8}% 85
\BOOKMARK [3][]{subsubsection.8.3.1}{\376\377\0008\000.\0003\000.\0001\000\040\000E\000x\000p\000l\000i\000c\000i\000t\000\040\000t\000i\000m\000e\000\040\000s\000t\000e\000p\000p\000i\000n\000g}{subsection.8.3}% 86
\BOOKMARK [3][]{subsubsection.8.3.2}{\376\377\0008\000.\0003\000.\0002\000\040\000I\000m\000p\000l\000i\000c\000i\000t\000\040\000t\000i\000m\000e\000\040\000s\000t\000e\000p\000p\000i\000n\000g}{subsection.8.3}% 87
\BOOKMARK [1][]{section.9}{\376\377\0009\000\040\000S\000t\000a\000g\000n\000a\000t\000i\000o\000n\000\040\000L\000i\000n\000e\000\040\000S\000o\000l\000v\000e\000r\000\040\000f\000o\000r\000\040\000C\000h\000e\000m\000i\000c\000a\000l\000\040\000E\000q\000u\000i\000l\000i\000b\000r\000i\000u\000m\000\040\000F\000l\000o\000w}{}% 88
